   GIVE      0     0.73077
   TAKE      0     1.39426
   WAIT      0     5.61459
   FSOL      0    10.07369
   FFLU      0     0.00000
   PSOL      0    19.88595
   PFLU      0     0.00000
   FEXT      0     0.00000
   FULL      0    46.27031
   TSTEP     0     0.03903
   IO        0     6.98549
   INIT      0     1.39435
   FSDG      0     0.00000
   GIVE      1     0.42844
   TAKE      1     0.72659
   WAIT      1     5.25057
   FSOL      1     3.18921
   FFLU      1     0.00000
   PSOL      1    27.91583
   PFLU      1     0.00000
   FEXT      1     0.00000
   FULL      1    46.68672
   TSTEP     1     0.26133
   IO        1     7.41970
   INIT      1     1.39480
   FSDG      1     0.00000
   GIVE      2     0.63903
   TAKE      2     1.24985
   WAIT      2     5.68680
   FSOL      2     3.57366
   FFLU      2     0.00000
   PSOL      2    26.50522
   PFLU      2     0.00000
   FEXT      2     0.00000
   FULL      2    46.64951
   TSTEP     2     0.05624
   IO        2     7.37913
   INIT      2     1.39485
   FSDG      2     0.00000
   GIVE      3     0.39944
   TAKE      3     0.60958
   WAIT      3     6.52523
   FSOL      3     0.61517
   FFLU      3     0.00000
   PSOL      3    29.39401
   PFLU      3     0.00000
   FEXT      3     0.00000
   FULL      3    46.69334
   TSTEP     3     0.26088
   IO        3     7.42553
   INIT      3     1.39483
   FSDG      3     0.00000
   GIVE      4     0.49945
   TAKE      4     0.78798
   WAIT      4     6.40744
   FSOL      4     2.20387
   FFLU      4     0.00000
   PSOL      4    27.75104
   PFLU      4     0.00000
   FEXT      4     0.00000
   FULL      4    46.84520
   TSTEP     4     0.04884
   IO        4     7.57205
   INIT      4     1.39493
   FSDG      4     0.00000
   GIVE      5     0.32466
   TAKE      5     0.67078
   WAIT      5     7.15298
   FSOL      5    10.02505
   FFLU      5     0.00000
   PSOL      5    19.54164
   PFLU      5     0.00000
   FEXT      5     0.00000
   FULL      5    46.00679
   TSTEP     5     0.06317
   IO        5     6.73740
   INIT      5     1.39491
   FSDG      5     0.00000
   GIVE      6     0.69418
   TAKE      6     1.07921
   WAIT      6     4.11371
   FSOL      6    10.66047
   FFLU      6     0.00000
   PSOL      6    21.14383
   PFLU      6     0.00000
   FEXT      6     0.00000
   FULL      6    46.10651
   TSTEP     6     0.04931
   IO        6     6.83623
   INIT      6     1.39471
   FSDG      6     0.00000
   GIVE      7     0.34428
   TAKE      7     0.72702
   WAIT      7     7.24458
   FSOL      7     0.99201
   FFLU      7     0.00000
   PSOL      7    28.43272
   PFLU      7     0.00000
   FEXT      7     0.00000
   FULL      7    46.69859
   TSTEP     7     0.04984
   IO        7     7.42729
   INIT      7     1.39470
   FSDG      7     0.00000
   GIVE      8     0.43603
   TAKE      8     0.60877
   WAIT      8     8.16321
   FSOL      8     1.09095
   FFLU      8     0.00000
   PSOL      8    27.28400
   PFLU      8     0.00000
   FEXT      8     0.00000
   FULL      8    46.62045
   TSTEP     8     0.19137
   IO        8     7.35202
   INIT      8     1.39437
   FSDG      8     0.00000
   GIVE      9     0.76325
   TAKE      9     1.12674
   WAIT      9     3.96262
   FSOL      9     9.81759
   FFLU      9     0.00000
   PSOL      9    21.87455
   PFLU      9     0.00000
   FEXT      9     0.00000
   FULL      9    46.29514
   TSTEP     9     0.16965
   IO        9     7.02945
   INIT      9     1.39367
   FSDG      9     0.00000
   GIVE     10     0.28641
   TAKE     10     0.63444
   WAIT     10     7.94045
   FSOL     10     1.81476
   FFLU     10     0.00000
   PSOL     10    26.88528
   PFLU     10     0.00000
   FEXT     10     0.00000
   FULL     10    46.96854
   TSTEP    10     0.20027
   IO       10     7.70082
   INIT     10     1.39490
   FSDG     10     0.00000
   GIVE     11     0.86653
   TAKE     11     1.83408
   WAIT     11     2.66762
   FSOL     11    16.37875
   FFLU     11     0.00000
   PSOL     11    15.84716
   PFLU     11     0.00000
   FEXT     11     0.01036
   FULL     11    45.70131
   TSTEP    11     0.04554
   IO       11     6.42870
   INIT     11     1.39490
   FSDG     11     0.00000
   GIVE     12     0.50923
   TAKE     12     0.49936
   WAIT     12     7.66414
   FSOL     12     0.08569
   FFLU     12     0.00000
   PSOL     12    28.71584
   PFLU     12     0.00000
   FEXT     12     0.00000
   FULL     12    46.66570
   TSTEP    12     0.34797
   IO       12     7.40333
   INIT     12     1.39487
   FSDG     12     0.00000
   GIVE     13     0.45795
   TAKE     13     0.54135
   WAIT     13     7.76716
   FSOL     13     1.61813
   FFLU     13     0.00000
   PSOL     13    26.97888
   PFLU     13     0.00000
   FEXT     13     0.00000
   FULL     13    46.76842
   TSTEP    13     0.38376
   IO       13     7.50390
   INIT     13     1.39485
   FSDG     13     0.00000
   GIVE     14     0.69799
   TAKE     14     0.94921
   WAIT     14     8.09199
   FSOL     14     3.46768
   FFLU     14     0.00000
   PSOL     14    24.29340
   PFLU     14     0.00000
   FEXT     14     0.00000
   FULL     14    46.56136
   TSTEP    14     0.18479
   IO       14     7.29619
   INIT     14     1.39482
   FSDG     14     0.00000
   GIVE     15     0.53966
   TAKE     15     0.77217
   WAIT     15     5.68002
   FSOL     15     5.18260
   FFLU     15     0.00000
   PSOL     15    25.23230
   PFLU     15     0.00000
   FEXT     15     0.00000
   FULL     15    46.60973
   TSTEP    15     0.33992
   IO       15     7.34391
   INIT     15     1.39488
   FSDG     15     0.00000
   GIVE     16     0.71244
   TAKE     16     0.92902
   WAIT     16     8.36935
   FSOL     16     3.84035
   FFLU     16     0.00000
   PSOL     16    23.63645
   PFLU     16     0.00000
   FEXT     16     0.00000
   FULL     16    46.51792
   TSTEP    16     0.24553
   IO       16     7.25143
   INIT     16     1.39684
   FSDG     16     0.00000
   GIVE     17     0.56410
   TAKE     17     0.81221
   WAIT     17     7.60564
   FSOL     17     1.56943
   FFLU     17     0.00000
   PSOL     17    26.91534
   PFLU     17     0.00000
   FEXT     17     0.00000
   FULL     17    46.56367
   TSTEP    17     0.31484
   IO       17     7.29519
   INIT     17     1.39684
   FSDG     17     0.00000
   GIVE     18     0.75006
   TAKE     18     0.76963
   WAIT     18     4.95873
   FSOL     18     8.86430
   FFLU     18     0.00000
   PSOL     18    22.09495
   PFLU     18     0.00000
   FEXT     18     0.00000
   FULL     18    46.33918
   TSTEP    18     0.23769
   IO       18     7.07178
   INIT     18     1.39677
   FSDG     18     0.00000
   GIVE     19     0.38410
   TAKE     19     0.53650
   WAIT     19     6.92810
   FSOL     19     0.24302
   FFLU     19     0.00000
   PSOL     19    29.22561
   PFLU     19     0.00000
   FEXT     19     0.00000
   FULL     19    46.78062
   TSTEP    19     0.49448
   IO       19     7.51756
   INIT     19     1.39676
   FSDG     19     0.00000
   GIVE     20     0.83219
   TAKE     20     1.66708
   WAIT     20     5.29429
   FSOL     20    10.26354
   FFLU     20     0.00000
   PSOL     20    19.51040
   PFLU     20     0.00000
   FEXT     20     0.00000
   FULL     20    46.15760
   TSTEP    20     0.01411
   IO       20     6.88498
   INIT     20     1.39682
   FSDG     20     0.00000
   GIVE     21     0.38268
   TAKE     21     0.53479
   WAIT     21     8.13420
   FSOL     21     1.41544
   FFLU     21     0.00000
   PSOL     21    27.26091
   PFLU     21     0.00000
   FEXT     21     0.00000
   FULL     21    46.75531
   TSTEP    21     0.06061
   IO       21     7.48205
   INIT     21     1.39686
   FSDG     21     0.00000
   GIVE     22     0.50364
   TAKE     22     0.34006
   WAIT     22     6.74122
   FSOL     22     0.12648
   FFLU     22     0.00000
   PSOL     22    29.79710
   PFLU     22     0.00000
   FEXT     22     0.00000
   FULL     22    46.69547
   TSTEP    22     0.30314
   IO       22     7.42735
   INIT     22     1.39686
   FSDG     22     0.00000
   GIVE     23     0.47926
   TAKE     23     0.54743
   WAIT     23     7.66163
   FSOL     23     0.02204
   FFLU     23     0.00000
   PSOL     23    28.79671
   PFLU     23     0.00000
   FEXT     23     0.00000
   FULL     23    46.65000
   TSTEP    23     0.29434
   IO       23     7.38461
   INIT     23     1.39685
   FSDG     23     0.00000
   GIVE     24     0.35082
   TAKE     24     0.55357
   WAIT     24     7.54224
   FSOL     24     0.59216
   FFLU     24     0.00000
   PSOL     24    28.69600
   PFLU     24     0.00000
   FEXT     24     0.00000
   FULL     24    46.62231
   TSTEP    24     0.03385
   IO       24     7.34849
   INIT     24     1.39664
   FSDG     24     0.00000
   GIVE     25     0.40622
   TAKE     25     0.53752
   WAIT     25     7.56293
   FSOL     25     1.06994
   FFLU     25     0.00000
   PSOL     25    28.16331
   PFLU     25     0.00000
   FEXT     25     0.00000
   FULL     25    46.57891
   TSTEP    25     0.03365
   IO       25     7.30794
   INIT     25     1.39681
   FSDG     25     0.00000
   GIVE     26     0.55825
   TAKE     26     1.13280
   WAIT     26     7.61963
   FSOL     26     0.02787
   FFLU     26     0.00000
   PSOL     26    28.46626
   PFLU     26     0.00000
   FEXT     26     0.00000
   FULL     26    46.87590
   TSTEP    26     0.00320
   IO       26     7.60165
   INIT     26     1.39681
   FSDG     26     0.00000
   GIVE     27     1.09339
   TAKE     27     1.16144
   WAIT     27     0.68535
   FSOL     27    28.11090
   FFLU     27     0.00000
   PSOL     27     6.32802
   PFLU     27     0.00000
   FEXT     27     0.00000
   FULL     27    44.82906
   TSTEP    27     0.01218
   IO       27     5.53998
   INIT     27     1.39680
   FSDG     27     0.00000
   GIVE     28     0.25639
   TAKE     28     0.48329
   WAIT     28     6.77658
   FSOL     28     3.72434
   FFLU     28     0.00000
   PSOL     28    26.50582
   PFLU     28     0.00000
   FEXT     28     0.00000
   FULL     28    46.56060
   TSTEP    28     0.04036
   IO       28     7.28621
   INIT     28     1.39642
   FSDG     28     0.00000
   GIVE     29     0.57802
   TAKE     29     0.89195
   WAIT     29     6.10239
   FSOL     29     5.32867
   FFLU     29     0.00000
   PSOL     29    24.79631
   PFLU     29     0.00000
   FEXT     29     0.00000
   FULL     29    46.49169
   TSTEP    29     0.01920
   IO       29     7.21984
   INIT     29     1.39642
   FSDG     29     0.00000
   GIVE     30     0.86703
   TAKE     30     1.29021
   WAIT     30     4.36395
   FSOL     30    14.80931
   FFLU     30     0.00000
   PSOL     30    16.40412
   PFLU     30     0.00000
   FEXT     30     0.00000
   FULL     30    45.70612
   TSTEP    30     0.01276
   IO       30     6.43214
   INIT     30     1.39662
   FSDG     30     0.00000
   GIVE     31     0.37226
   TAKE     31     0.63946
   WAIT     31     7.50327
   FSOL     31     3.57974
   FFLU     31     0.00000
   PSOL     31    25.42510
   PFLU     31     0.00000
   FEXT     31     0.00000
   FULL     31    46.75740
   TSTEP    31     0.24648
   IO       31     7.48832
   INIT     31     1.39660
   FSDG     31     0.00000
