   GIVE      0     0.85155
   TAKE      0     0.76994
   WAIT      0    19.29992
   FSOL      0    13.08419
   FFLU      0     0.00000
   PSOL      0    18.05862
   PFLU      0     0.00000
   FEXT      0     0.00000
   FULL      0    69.92674
   TSTEP     0     0.15970
   IO        0    14.90920
   INIT      0     2.29571
   FSDG      0     0.00000
   GIVE      1     1.17687
   TAKE      1     1.18286
   WAIT      1    16.68341
   FSOL      1    23.26374
   FFLU      1     0.00000
   PSOL      1     9.96685
   PFLU      1     0.00000
   FEXT      1     0.00000
   FULL      1    69.70110
   TSTEP     1     0.24179
   IO        1    14.70503
   INIT      1     2.29535
   FSDG      1     0.00000
   GIVE      2     0.59026
   TAKE      2     0.94755
   WAIT      2    17.76890
   FSOL      2     9.15488
   FFLU      2     0.00000
   PSOL      2    22.89290
   PFLU      2     0.00000
   FEXT      2     0.00000
   FULL      2    69.91045
   TSTEP     2     1.03470
   IO        2    14.91981
   INIT      2     2.29612
   FSDG      2     0.00000
   GIVE      3     0.87300
   TAKE      3     0.76339
   WAIT      3    18.53272
   FSOL      3    20.80568
   FFLU      3     0.00000
   PSOL      3    11.27738
   PFLU      3     0.00000
   FEXT      3     0.00000
   FULL      3    69.42019
   TSTEP     3     0.25216
   IO        3    14.42368
   INIT      3     2.29599
   FSDG      3     0.00000
   GIVE      4     1.05318
   TAKE      4     1.02006
   WAIT      4    20.28287
   FSOL      4    10.91903
   FFLU      4     0.00000
   PSOL      4    18.07476
   PFLU      4     0.00000
   FEXT      4     0.00000
   FULL      4    69.80761
   TSTEP     4     1.08746
   IO        4    14.81576
   INIT      4     2.29601
   FSDG      4     0.00000
   GIVE      5     0.96384
   TAKE      5     1.48429
   WAIT      5    18.22143
   FSOL      5    16.87334
   FFLU      5     0.00000
   PSOL      5    13.95835
   PFLU      5     0.00000
   FEXT      5     0.00000
   FULL      5    69.57795
   TSTEP     5     0.93463
   IO        5    14.58647
   INIT      5     2.29611
   FSDG      5     0.00000
   GIVE      6     0.77983
   TAKE      6     1.01496
   WAIT      6    22.61681
   FSOL      6     5.80901
   FFLU      6     0.00000
   PSOL      6    21.16965
   PFLU      6     0.00000
   FEXT      6     0.00000
   FULL      6    69.85019
   TSTEP     6     1.03660
   IO        6    14.85747
   INIT      6     2.29608
   FSDG      6     0.00000
   GIVE      7     0.87132
   TAKE      7     0.92703
   WAIT      7    18.43292
   FSOL      7    17.27756
   FFLU      7     0.00000
   PSOL      7    13.98007
   PFLU      7     0.00000
   FEXT      7     0.00000
   FULL      7    69.47759
   TSTEP     7     0.99526
   IO        7    14.48557
   INIT      7     2.29612
   FSDG      7     0.00000
   GIVE      8     0.91580
   TAKE      8     1.05296
   WAIT      8    22.39935
   FSOL      8    12.07263
   FFLU      8     0.00000
   PSOL      8    15.21877
   PFLU      8     0.00000
   FEXT      8     0.00000
   FULL      8    69.69394
   TSTEP     8     0.80334
   IO        8    14.69956
   INIT      8     2.29604
   FSDG      8     0.00000
   GIVE      9     1.03125
   TAKE      9     1.05775
   WAIT      9    17.43138
   FSOL      9    32.89284
   FFLU      9     0.00000
   PSOL      9     0.00000
   PFLU      9     0.00000
   FEXT      9     0.00000
   FULL      9    68.74904
   TSTEP     9     0.25073
   IO        9    13.75208
   INIT      9     2.29593
   FSDG      9     0.00000
   GIVE     10     0.97181
   TAKE     10     0.98264
   WAIT     10    18.45042
   FSOL     10     9.32113
   FFLU     10     0.00000
   PSOL     10    21.58278
   PFLU     10     0.00000
   FEXT     10     0.00000
   FULL     10    69.90287
   TSTEP    10     1.06442
   IO       10    14.91242
   INIT     10     2.29590
   FSDG     10     0.00000
   GIVE     11     1.06995
   TAKE     11     1.36874
   WAIT     11    16.07977
   FSOL     11    19.99525
   FFLU     11     0.00000
   PSOL     11    12.93505
   PFLU     11     0.00000
   FEXT     11     0.00000
   FULL     11    69.86649
   TSTEP    11     0.99705
   IO       11    14.87571
   INIT     11     2.29601
   FSDG     11     0.00000
   GIVE     12     1.07326
   TAKE     12     0.98368
   WAIT     12    19.96542
   FSOL     12    13.76059
   FFLU     12     0.00000
   PSOL     12    15.86655
   PFLU     12     0.00000
   FEXT     12     0.00000
   FULL     12    69.83286
   TSTEP    12     0.79821
   IO       12    14.83895
   INIT     12     2.29599
   FSDG     12     0.00000
   GIVE     13     0.96843
   TAKE     13     0.85721
   WAIT     13    11.67258
   FSOL     13    28.55282
   FFLU     13     0.00000
   PSOL     13     5.55489
   PFLU     13     0.00000
   FEXT     13     3.74298
   FULL     13    69.73323
   TSTEP    13     0.24636
   IO       13    15.23200
   INIT     13     2.29597
   FSDG     13     0.00000
   GIVE     14     1.03877
   TAKE     14     0.91400
   WAIT     14    18.62969
   FSOL     14    13.84233
   FFLU     14     0.00000
   PSOL     14    17.18618
   PFLU     14     0.00000
   FEXT     14     0.00000
   FULL     14    69.88194
   TSTEP    14     0.79546
   IO       14    14.88850
   INIT     14     2.29498
   FSDG     14     0.00000
   GIVE     15     0.61859
   TAKE     15     0.73825
   WAIT     15    20.93123
   FSOL     15     9.04551
   FFLU     15     0.00000
   PSOL     15    20.31132
   PFLU     15     0.00000
   FEXT     15     0.00000
   FULL     15    69.75381
   TSTEP    15     0.75590
   IO       15    14.75927
   INIT     15     2.29602
   FSDG     15     0.00000
   GIVE     16     1.18164
   TAKE     16     1.15939
   WAIT     16    16.98653
   FSOL     16    32.36342
   FFLU     16     0.00000
   PSOL     16     0.00000
   PFLU     16     0.00000
   FEXT     16     0.00000
   FULL     16    69.61307
   TSTEP    16     0.96589
   IO       16    14.63358
   INIT     16     2.28271
   FSDG     16     0.00000
   GIVE     17     1.00107
   TAKE     17     1.43255
   WAIT     17    18.73644
   FSOL     17    11.77942
   FFLU     17     0.00000
   PSOL     17    18.58081
   PFLU     17     0.00000
   FEXT     17     0.00000
   FULL     17    69.72025
   TSTEP    17     0.87084
   IO       17    14.73761
   INIT     17     2.28793
   FSDG     17     0.00000
   GIVE     18     0.88115
   TAKE     18     1.30462
   WAIT     18    19.16446
   FSOL     18     6.93192
   FFLU     18     0.00000
   PSOL     18    23.02606
   PFLU     18     0.00000
   FEXT     18     0.00000
   FULL     18    69.93604
   TSTEP    18     1.08262
   IO       18    14.95144
   INIT     18     2.29056
   FSDG     18     0.00000
   GIVE     19     1.14727
   TAKE     19     1.35474
   WAIT     19    16.64088
   FSOL     19    14.46173
   FFLU     19     0.00000
   PSOL     19    17.44097
   PFLU     19     0.00000
   FEXT     19     0.00000
   FULL     19    69.67338
   TSTEP    19     1.33943
   IO       19    14.69705
   INIT     19     2.28336
   FSDG     19     0.00000
   GIVE     20     1.23125
   TAKE     20     1.12882
   WAIT     20    18.19849
   FSOL     20    18.92969
   FFLU     20     0.00000
   PSOL     20    12.63492
   PFLU     20     0.00000
   FEXT     20     0.00000
   FULL     20    69.83061
   TSTEP    20     0.32662
   IO       20    14.83901
   INIT     20     2.29034
   FSDG     20     0.00000
   GIVE     21     1.01904
   TAKE     21     0.99729
   WAIT     21    20.71745
   FSOL     21     9.23720
   FFLU     21     0.00000
   PSOL     21    20.13916
   PFLU     21     0.00000
   FEXT     21     0.00000
   FULL     21    69.83600
   TSTEP    21     0.28469
   IO       21    14.84496
   INIT     21     2.29003
   FSDG     21     0.00000
   GIVE     22     0.63854
   TAKE     22     0.61341
   WAIT     22    17.79864
   FSOL     22     9.25470
   FFLU     22     0.00000
   PSOL     22    23.74969
   PFLU     22     0.00000
   FEXT     22     0.00000
   FULL     22    69.87726
   TSTEP    22     0.34916
   IO       22    14.88594
   INIT     22     2.29063
   FSDG     22     0.00000
   GIVE     23     0.78592
   TAKE     23     0.71232
   WAIT     23     2.70648
   FSOL     23    24.45377
   FFLU     23     0.00000
   PSOL     23     8.52506
   PFLU     23     0.00000
   FEXT     23    11.50996
   FULL     23    69.89592
   TSTEP    23     0.22726
   IO       23    18.15360
   INIT     23     2.29018
   FSDG     23     0.00000
   GIVE     24     1.16146
   TAKE     24     1.26345
   WAIT     24    17.16498
   FSOL     24    18.23887
   FFLU     24     0.00000
   PSOL     24    13.85942
   PFLU     24     0.00000
   FEXT     24     0.00000
   FULL     24    69.69727
   TSTEP    24     0.73602
   IO       24    14.71525
   INIT     24     2.28446
   FSDG     24     0.00000
   GIVE     25     1.13948
   TAKE     25     1.02344
   WAIT     25    21.19957
   FSOL     25     6.71496
   FFLU     25     0.00000
   PSOL     25    21.39818
   PFLU     25     0.00000
   FEXT     25     0.00000
   FULL     25    69.69021
   TSTEP    25     0.87570
   IO       25    14.70247
   INIT     25     2.29043
   FSDG     25     0.00000
   GIVE     26     0.63643
   TAKE     26     0.70276
   WAIT     26    22.70791
   FSOL     26     7.99214
   FFLU     26     0.00000
   PSOL     26    20.03884
   PFLU     26     0.00000
   FEXT     26     0.00000
   FULL     26    69.78154
   TSTEP    26     0.33498
   IO       26    14.78984
   INIT     26     2.29063
   FSDG     26     0.00000
   GIVE     27     1.52785
   TAKE     27     1.30848
   WAIT     27    16.03721
   FSOL     27    21.72126
   FFLU     27     0.00000
   PSOL     27    11.64131
   PFLU     27     0.00000
   FEXT     27     0.00000
   FULL     27    69.84358
   TSTEP    27     0.23549
   IO       27    14.85889
   INIT     27     2.28373
   FSDG     27     0.00000
   GIVE     28     0.89576
   TAKE     28     0.97894
   WAIT     28    19.20063
   FSOL     28    12.00327
   FFLU     28     0.00000
   PSOL     28    17.95481
   PFLU     28     0.00000
   FEXT     28     0.00000
   FULL     28    69.92219
   TSTEP    28     1.39477
   IO       28    14.94385
   INIT     28     2.28449
   FSDG     28     0.00000
   GIVE     29     0.93792
   TAKE     29     0.97204
   WAIT     29    22.26006
   FSOL     29     5.34446
   FFLU     29     0.00000
   PSOL     29    21.57018
   PFLU     29     0.00000
   FEXT     29     0.00000
   FULL     29    69.88217
   TSTEP    29     1.33664
   IO       29    14.89815
   INIT     29     2.28948
   FSDG     29     0.00000
   GIVE     30     1.04743
   TAKE     30     1.56499
   WAIT     30    18.24594
   FSOL     30    12.46193
   FFLU     30     0.00000
   PSOL     30    18.15757
   PFLU     30     0.00000
   FEXT     30     0.00000
   FULL     30    69.91447
   TSTEP    30     0.92113
   IO       30    14.92855
   INIT     30     2.29028
   FSDG     30     0.00000
   GIVE     31     0.99571
   TAKE     31     1.27916
   WAIT     31    14.91168
   FSOL     31    34.56234
   FFLU     31     0.00000
   PSOL     31     0.00000
   PFLU     31     0.00000
   FEXT     31     0.00000
   FULL     31    69.48160
   TSTEP    31     0.90346
   IO       31    14.49564
   INIT     31     2.28985
   FSDG     31     0.00000
   GIVE     32     1.56041
   TAKE     32     1.27144
   WAIT     32    16.24095
   FSOL     32    22.49692
   FFLU     32     0.00000
   PSOL     32     9.23249
   PFLU     32     0.00000
   FEXT     32     0.00000
   FULL     32    69.83758
   TSTEP    32     1.64980
   IO       32    14.84879
   INIT     32     2.29599
   FSDG     32     0.00000
   GIVE     33     1.38382
   TAKE     33     1.11220
   WAIT     33    13.45306
   FSOL     33    19.51905
   FFLU     33     0.00000
   PSOL     33    15.82703
   PFLU     33     0.00000
   FEXT     33     0.00000
   FULL     33    69.88878
   TSTEP    33     1.15646
   IO       33    14.89671
   INIT     33     2.29602
   FSDG     33     0.00000
   GIVE     34     1.04158
   TAKE     34     1.20905
   WAIT     34    19.60071
   FSOL     34    15.27304
   FFLU     34     0.00000
   PSOL     34    13.73130
   PFLU     34     0.00000
   FEXT     34     0.00000
   FULL     34    69.87370
   TSTEP    34     1.61538
   IO       34    14.88399
   INIT     34     2.29613
   FSDG     34     0.00000
   GIVE     35     0.82502
   TAKE     35     0.93428
   WAIT     35    20.29196
   FSOL     35     7.20981
   FFLU     35     0.00000
   PSOL     35    21.50415
   PFLU     35     0.00000
   FEXT     35     0.00000
   FULL     35    69.65421
   TSTEP    35     1.66014
   IO       35    14.66594
   INIT     35     2.29607
   FSDG     35     0.00000
   GIVE     36     0.94154
   TAKE     36     1.03247
   WAIT     36    20.99526
   FSOL     36     7.08397
   FFLU     36     0.00000
   PSOL     36    21.15574
   PFLU     36     0.00000
   FEXT     36     0.00000
   FULL     36    69.80736
   TSTEP    36     1.22286
   IO       36    14.81653
   INIT     36     2.29609
   FSDG     36     0.00000
   GIVE     37     1.17039
   TAKE     37     1.01496
   WAIT     37    18.32910
   FSOL     37    17.32929
   FFLU     37     0.00000
   PSOL     37    13.44699
   PFLU     37     0.00000
   FEXT     37     0.00000
   FULL     37    69.56211
   TSTEP    37     1.15584
   IO       37    14.57076
   INIT     37     2.29562
   FSDG     37     0.00000
   GIVE     38     1.60502
   TAKE     38     1.23876
   WAIT     38    11.17044
   FSOL     38    28.81090
   FFLU     38     0.00000
   PSOL     38     8.76661
   PFLU     38     0.00000
   FEXT     38     0.00000
   FULL     38    69.73074
   TSTEP    38     0.92885
   IO       38    14.73654
   INIT     38     2.29616
   FSDG     38     0.00000
   GIVE     39     1.01980
   TAKE     39     0.88025
   WAIT     39    17.84999
   FSOL     39    11.32918
   FFLU     39     0.00000
   PSOL     39    20.18483
   PFLU     39     0.00000
   FEXT     39     0.00000
   FULL     39    69.82787
   TSTEP    39     1.15810
   IO       39    14.83638
   INIT     39     2.29593
   FSDG     39     0.00000
   GIVE     40     0.93554
   TAKE     40     1.00198
   WAIT     40    18.70326
   FSOL     40    11.42643
   FFLU     40     0.00000
   PSOL     40    18.68602
   PFLU     40     0.00000
   FEXT     40     0.00000
   FULL     40    69.85467
   TSTEP    40     1.69206
   IO       40    14.86515
   INIT     40     2.29609
   FSDG     40     0.00000
   GIVE     41     0.83651
   TAKE     41     0.94679
   WAIT     41    19.00249
   FSOL     41     9.47090
   FFLU     41     0.00000
   PSOL     41    20.81118
   PFLU     41     0.00000
   FEXT     41     0.00000
   FULL     41    69.75358
   TSTEP    41     1.37063
   IO       41    14.76466
   INIT     41     2.29576
   FSDG     41     0.00000
   GIVE     42     1.01164
   TAKE     42     1.59038
   WAIT     42    18.35012
   FSOL     42     8.38883
   FFLU     42     0.00000
   PSOL     42    21.20173
   PFLU     42     0.00000
   FEXT     42     0.00000
   FULL     42    69.92636
   TSTEP    42     1.83465
   IO       42    14.93929
   INIT     42     2.29596
   FSDG     42     0.00000
   GIVE     43     1.79110
   TAKE     43     1.44883
   WAIT     43    12.73092
   FSOL     43    29.07310
   FFLU     43     0.00000
   PSOL     43     6.08457
   PFLU     43     0.00000
   FEXT     43     0.00000
   FULL     43    69.58967
   TSTEP    43     1.33233
   IO       43    14.59923
   INIT     43     2.29581
   FSDG     43     0.00000
   GIVE     44     1.04007
   TAKE     44     0.93482
   WAIT     44    20.04046
   FSOL     44     9.74641
   FFLU     44     0.00000
   PSOL     44    19.21202
   PFLU     44     0.00000
   FEXT     44     0.00000
   FULL     44    69.87871
   TSTEP    44     1.42193
   IO       44    14.88908
   INIT     44     2.29527
   FSDG     44     0.00000
   GIVE     45     1.29698
   TAKE     45     1.00454
   WAIT     45    14.95204
   FSOL     45    34.47741
   FFLU     45     0.00000
   PSOL     45     0.00000
   PFLU     45     0.00000
   FEXT     45     0.00000
   FULL     45    68.89840
   TSTEP    45     0.92248
   IO       45    13.90636
   INIT     45     2.29530
   FSDG     45     0.00000
   GIVE     46     0.68546
   TAKE     46     0.70680
   WAIT     46    21.30430
   FSOL     46     7.54363
   FFLU     46     0.00000
   PSOL     46    20.76497
   PFLU     46     0.00000
   FEXT     46     0.00000
   FULL     46    69.91080
   TSTEP    46     1.44042
   IO       46    14.92085
   INIT     46     2.29603
   FSDG     46     0.00000
   GIVE     47     0.99959
   TAKE     47     1.48612
   WAIT     47    16.61887
   FSOL     47    13.16632
   FFLU     47     0.00000
   PSOL     47    19.04793
   PFLU     47     0.00000
   FEXT     47     0.00000
   FULL     47    69.67212
   TSTEP    47     1.11413
   IO       47    14.68091
   INIT     47     2.29561
   FSDG     47     0.00000
   GIVE     48     0.97738
   TAKE     48     1.00558
   WAIT     48    19.82492
   FSOL     48    16.49645
   FFLU     48     0.00000
   PSOL     48    12.99023
   PFLU     48     0.00000
   FEXT     48     0.00000
   FULL     48    69.92706
   TSTEP    48     1.17695
   IO       48    14.93408
   INIT     48     2.29625
   FSDG     48     0.00000
   GIVE     49     0.97632
   TAKE     49     1.57170
   WAIT     49    16.82527
   FSOL     49    14.37409
   FFLU     49     0.00000
   PSOL     49    17.12456
   PFLU     49     0.00000
   FEXT     49     0.00000
   FULL     49    69.91445
   TSTEP    49     1.53814
   IO       49    14.92778
   INIT     49     2.29615
   FSDG     49     0.00000
   GIVE     50     1.17673
   TAKE     50     1.63609
   WAIT     50    16.23510
   FSOL     50    13.77554
   FFLU     50     0.00000
   PSOL     50    18.17890
   PFLU     50     0.00000
   FEXT     50     0.00000
   FULL     50    69.95279
   TSTEP    50     1.36472
   IO       50    14.96175
   INIT     50     2.29615
   FSDG     50     0.00000
   GIVE     51     0.82166
   TAKE     51     1.15067
   WAIT     51    19.59400
   FSOL     51     7.91975
   FFLU     51     0.00000
   PSOL     51    21.36330
   PFLU     51     0.00000
   FEXT     51     0.00000
   FULL     51    69.81066
   TSTEP    51     1.55525
   IO       51    14.82142
   INIT     51     2.29598
   FSDG     51     0.00000
   GIVE     52     1.16291
   TAKE     52     1.21984
   WAIT     52    18.51647
   FSOL     52    13.70104
   FFLU     52     0.00000
   PSOL     52    16.19711
   PFLU     52     0.00000
   FEXT     52     0.00000
   FULL     52    69.93345
   TSTEP    52     1.63200
   IO       52    14.94353
   INIT     52     2.29615
   FSDG     52     0.00000
   GIVE     53     1.23618
   TAKE     53     1.42879
   WAIT     53    17.26614
   FSOL     53    13.86874
   FFLU     53     0.00000
   PSOL     53    16.27673
   PFLU     53     0.00000
   FEXT     53     0.00000
   FULL     53    69.67137
   TSTEP    53     2.31065
   IO       53    14.68464
   INIT     53     2.29612
   FSDG     53     0.00000
   GIVE     54     1.53115
   TAKE     54     1.41372
   WAIT     54    17.30946
   FSOL     54    16.53552
   FFLU     54     0.00000
   PSOL     54    13.94853
   PFLU     54     0.00000
   FEXT     54     0.00000
   FULL     54    69.88381
   TSTEP    54     1.62797
   IO       54    14.89468
   INIT     54     2.29621
   FSDG     54     0.00000
   GIVE     55     0.91977
   TAKE     55     0.87853
   WAIT     55    17.81880
   FSOL     55     6.07009
   FFLU     55     0.00000
   PSOL     55    24.41648
   PFLU     55     0.00000
   FEXT     55     0.00000
   FULL     55    69.78860
   TSTEP    55     2.30828
   IO       55    14.80265
   INIT     55     2.29615
   FSDG     55     0.00000
   GIVE     56     1.00326
   TAKE     56     1.11873
   WAIT     56    19.82855
   FSOL     56    13.45223
   FFLU     56     0.00000
   PSOL     56    15.66788
   PFLU     56     0.00000
   FEXT     56     0.00000
   FULL     56    69.82762
   TSTEP    56     1.36524
   IO       56    14.83707
   INIT     56     2.29611
   FSDG     56     0.00000
   GIVE     57     0.96631
   TAKE     57     0.91853
   WAIT     57    19.70367
   FSOL     57    10.19995
   FFLU     57     0.00000
   PSOL     57    19.29360
   PFLU     57     0.00000
   FEXT     57     0.00000
   FULL     57    69.80406
   TSTEP    57     1.31616
   IO       57    14.81359
   INIT     57     2.29590
   FSDG     57     0.00000
   GIVE     58     0.92163
   TAKE     58     1.02931
   WAIT     58    18.63254
   FSOL     58    17.82159
   FFLU     58     0.00000
   PSOL     58    12.69840
   PFLU     58     0.00000
   FEXT     58     0.00000
   FULL     58    69.84004
   TSTEP    58     1.36862
   IO       58    14.84862
   INIT     58     2.29628
   FSDG     58     0.00000
   GIVE     59     1.10623
   TAKE     59     1.08612
   WAIT     59    16.35736
   FSOL     59    32.99576
   FFLU     59     0.00000
   PSOL     59     0.00000
   PFLU     59     0.00000
   FEXT     59     0.00000
   FULL     59    69.45771
   TSTEP    59     1.10969
   IO       59    14.46574
   INIT     59     2.29622
   FSDG     59     0.00000
   GIVE     60     0.90738
   TAKE     60     1.20865
   WAIT     60    18.15293
   FSOL     60    10.35160
   FFLU     60     0.00000
   PSOL     60    20.04584
   PFLU     60     0.00000
   FEXT     60     0.00000
   FULL     60    69.88885
   TSTEP    60     1.74536
   IO       60    14.90004
   INIT     60     2.29617
   FSDG     60     0.00000
   GIVE     61     1.02173
   TAKE     61     0.98686
   WAIT     61    17.88540
   FSOL     61     9.32872
   FFLU     61     0.00000
   PSOL     61    21.83750
   PFLU     61     0.00000
   FEXT     61     0.00000
   FULL     61    69.95361
   TSTEP    61     1.30017
   IO       61    14.96176
   INIT     61     2.29614
   FSDG     61     0.00000
   GIVE     62     1.44511
   TAKE     62     0.99649
   WAIT     62    14.52058
   FSOL     62    34.05378
   FFLU     62     0.00000
   PSOL     62     0.00000
   PFLU     62     0.00000
   FEXT     62     0.00000
   FULL     62    69.64283
   TSTEP    62     1.62987
   IO       62    14.65445
   INIT     62     2.29617
   FSDG     62     0.00000
   GIVE     63     0.92614
   TAKE     63     1.45822
   WAIT     63    15.84844
   FSOL     63    14.50657
   FFLU     63     0.00000
   PSOL     63    17.75434
   PFLU     63     0.00000
   FEXT     63     0.00000
   FULL     63    69.95133
   TSTEP    63     1.89766
   IO       63    14.96526
   INIT     63     2.29616
   FSDG     63     0.00000
   GIVE     64     1.13339
   TAKE     64     1.23346
   WAIT     64    19.38998
   FSOL     64     8.47705
   FFLU     64     0.00000
   PSOL     64    19.81195
   PFLU     64     0.00000
   FEXT     64     0.00000
   FULL     64    69.90424
   TSTEP    64     2.29466
   IO       64    14.91803
   INIT     64     2.29570
   FSDG     64     0.00000
   GIVE     65     0.97787
   TAKE     65     1.18226
   WAIT     65    17.67118
   FSOL     65     7.21377
   FFLU     65     0.00000
   PSOL     65    23.02244
   PFLU     65     0.00000
   FEXT     65     0.00000
   FULL     65    69.78656
   TSTEP    65     2.31648
   IO       65    14.80274
   INIT     65     2.29569
   FSDG     65     0.00000
   GIVE     66     1.02419
   TAKE     66     1.30191
   WAIT     66    18.43254
   FSOL     66    10.19907
   FFLU     66     0.00000
   PSOL     66    19.08479
   PFLU     66     0.00000
   FEXT     66     0.00000
   FULL     66    69.91094
   TSTEP    66     2.37014
   IO       66    14.92363
   INIT     66     2.29570
   FSDG     66     0.00000
   GIVE     67     1.28873
   TAKE     67     1.09672
   WAIT     67    13.82665
   FSOL     67    34.76650
   FFLU     67     0.00000
   PSOL     67     0.00000
   PFLU     67     0.00000
   FEXT     67     0.00000
   FULL     67    69.33191
   TSTEP    67     1.67296
   IO       67    14.34257
   INIT     67     2.29577
   FSDG     67     0.00000
   GIVE     68     0.90993
   TAKE     68     1.43118
   WAIT     68    17.64426
   FSOL     68     8.70642
   FFLU     68     0.00000
   PSOL     68    21.35890
   PFLU     68     0.00000
   FEXT     68     0.00000
   FULL     68    69.88267
   TSTEP    68     2.34949
   IO       68    14.89906
   INIT     68     2.29563
   FSDG     68     0.00000
   GIVE     69     1.39694
   TAKE     69     1.23418
   WAIT     69    13.35913
   FSOL     69    27.69954
   FFLU     69     0.00000
   PSOL     69     6.53832
   PFLU     69     0.00000
   FEXT     69     0.00000
   FULL     69    69.48062
   TSTEP    69     2.31213
   IO       69    14.49294
   INIT     69     2.29569
   FSDG     69     0.00000
   GIVE     70     1.32963
   TAKE     70     1.25787
   WAIT     70    16.12253
   FSOL     70    21.71972
   FFLU     70     0.00000
   PSOL     70    10.36274
   PFLU     70     0.00000
   FEXT     70     0.00000
   FULL     70    69.75641
   TSTEP    70     1.69378
   IO       70    14.76718
   INIT     70     2.29489
   FSDG     70     0.00000
   GIVE     71     1.00400
   TAKE     71     0.98504
   WAIT     71    17.64232
   FSOL     71     8.39327
   FFLU     71     0.00000
   PSOL     71    21.88639
   PFLU     71     0.00000
   FEXT     71     0.00000
   FULL     71    69.72315
   TSTEP    71     2.45572
   IO       71    14.73696
   INIT     71     2.29575
   FSDG     71     0.00000
   GIVE     72     1.82218
   TAKE     72     0.96819
   WAIT     72    13.87020
   FSOL     72    19.06639
   FFLU     72     0.00000
   PSOL     72    14.20429
   PFLU     72     0.00000
   FEXT     72     0.00000
   FULL     72    69.88977
   TSTEP    72     2.37474
   IO       72    14.90235
   INIT     72     2.29564
   FSDG     72     0.00000
   GIVE     73     0.98505
   TAKE     73     1.27958
   WAIT     73    17.04873
   FSOL     73    13.90501
   FFLU     73     0.00000
   PSOL     73    16.54815
   PFLU     73     0.00000
   FEXT     73     0.00000
   FULL     73    69.79833
   TSTEP    73     2.74914
   IO       73    14.81472
   INIT     73     2.29502
   FSDG     73     0.00000
   GIVE     74     0.94084
   TAKE     74     1.27285
   WAIT     74    16.15856
   FSOL     74     7.45227
   FFLU     74     0.00000
   PSOL     74    23.74445
   PFLU     74     0.00000
   FEXT     74     0.00000
   FULL     74    69.86644
   TSTEP    74     2.87118
   IO       74    14.88357
   INIT     74     2.29571
   FSDG     74     0.00000
   GIVE     75     1.35659
   TAKE     75     1.17540
   WAIT     75    17.21328
   FSOL     75    13.60929
   FFLU     75     0.00000
   PSOL     75    16.81182
   PFLU     75     0.00000
   FEXT     75     0.00000
   FULL     75    69.62313
   TSTEP    75     2.29620
   IO       75    14.63503
   INIT     75     2.29571
   FSDG     75     0.00000
   GIVE     76     0.96738
   TAKE     76     1.18422
   WAIT     76    15.69449
   FSOL     76    10.01475
   FFLU     76     0.00000
   PSOL     76    21.67652
   PFLU     76     0.00000
   FEXT     76     0.00000
   FULL     76    69.90068
   TSTEP    76     2.83193
   IO       76    14.91636
   INIT     76     2.29559
   FSDG     76     0.00000
   GIVE     77     0.87467
   TAKE     77     1.31514
   WAIT     77    18.52728
   FSOL     77     8.90578
   FFLU     77     0.00000
   PSOL     77    20.11156
   PFLU     77     0.00000
   FEXT     77     0.00000
   FULL     77    69.69223
   TSTEP    77     2.73808
   IO       77    14.70749
   INIT     77     2.29571
   FSDG     77     0.00000
   GIVE     78     1.30956
   TAKE     78     1.01312
   WAIT     78    12.28627
   FSOL     78    35.73112
   FFLU     78     0.00000
   PSOL     78     0.00000
   PFLU     78     0.00000
   FEXT     78     0.00000
   FULL     78    69.63018
   TSTEP    78     2.39345
   IO       78    14.64349
   INIT     78     2.29491
   FSDG     78     0.00000
   GIVE     79     0.94560
   TAKE     79     1.32881
   WAIT     79    15.97644
   FSOL     79    15.53850
   FFLU     79     0.00000
   PSOL     79    16.00320
   PFLU     79     0.00000
   FEXT     79     0.00000
   FULL     79    69.70629
   TSTEP    79     2.72702
   IO       79    14.72204
   INIT     79     2.29575
   FSDG     79     0.00000
   GIVE     80     1.37443
   TAKE     80     1.21252
   WAIT     80    13.74211
   FSOL     80    34.05989
   FFLU     80     0.00000
   PSOL     80     0.00000
   PFLU     80     0.00000
   FEXT     80     0.00000
   FULL     80    68.84672
   TSTEP    80     2.25679
   IO       80    13.86001
   INIT     80     2.29591
   FSDG     80     0.00000
   GIVE     81     1.35094
   TAKE     81     1.19499
   WAIT     81    17.33195
   FSOL     81    17.23083
   FFLU     81     0.00000
   PSOL     81    13.09096
   PFLU     81     0.00000
   FEXT     81     0.00000
   FULL     81    69.71257
   TSTEP    81     2.19676
   IO       81    14.72550
   INIT     81     2.29515
   FSDG     81     0.00000
   GIVE     82     1.07034
   TAKE     82     1.49018
   WAIT     82    18.35193
   FSOL     82    11.66250
   FFLU     82     0.00000
   PSOL     82    17.53640
   PFLU     82     0.00000
   FEXT     82     0.00000
   FULL     82    69.94944
   TSTEP    82     2.29208
   IO       82    14.96108
   INIT     82     2.29592
   FSDG     82     0.00000
   GIVE     83     0.77253
   TAKE     83     1.19591
   WAIT     83    17.80562
   FSOL     83     8.50415
   FFLU     83     0.00000
   PSOL     83    21.57140
   PFLU     83     0.00000
   FEXT     83     0.00000
   FULL     83    69.88699
   TSTEP    83     2.56150
   IO       83    14.90409
   INIT     83     2.29597
   FSDG     83     0.00000
   GIVE     84     1.16344
   TAKE     84     1.31495
   WAIT     84    15.70414
   FSOL     84    22.32280
   FFLU     84     0.00000
   PSOL     84     9.33398
   PFLU     84     0.00000
   FEXT     84     0.00000
   FULL     84    69.91261
   TSTEP    84     2.66255
   IO       84    14.92772
   INIT     84     2.29588
   FSDG     84     0.00000
   GIVE     85     0.94876
   TAKE     85     1.25575
   WAIT     85    17.89038
   FSOL     85    13.96039
   FFLU     85     0.00000
   PSOL     85    15.75744
   PFLU     85     0.00000
   FEXT     85     0.00000
   FULL     85    69.91983
   TSTEP    85     2.64073
   IO       85    14.93475
   INIT     85     2.29581
   FSDG     85     0.00000
   GIVE     86     1.18536
   TAKE     86     0.99483
   WAIT     86    18.37117
   FSOL     86     7.05347
   FFLU     86     0.00000
   PSOL     86    22.06691
   PFLU     86     0.00000
   FEXT     86     0.00000
   FULL     86    69.95065
   TSTEP    86     2.68387
   IO       86    14.96595
   INIT     86     2.29592
   FSDG     86     0.00000
   GIVE     87     1.65053
   TAKE     87     1.35610
   WAIT     87    16.11979
   FSOL     87    22.85935
   FFLU     87     0.00000
   PSOL     87     7.92622
   PFLU     87     0.00000
   FEXT     87     0.00000
   FULL     87    69.68583
   TSTEP    87     2.58969
   IO       87    14.69820
   INIT     87     2.29570
   FSDG     87     0.00000
   GIVE     88     0.78216
   TAKE     88     1.03521
   WAIT     88    19.53202
   FSOL     88     6.19125
   FFLU     88     0.00000
   PSOL     88    22.13247
   PFLU     88     0.00000
   FEXT     88     0.00000
   FULL     88    69.89971
   TSTEP    88     2.75638
   IO       88    14.91588
   INIT     88     2.29592
   FSDG     88     0.00000
   GIVE     89     0.97790
   TAKE     89     1.12419
   WAIT     89    18.57445
   FSOL     89    15.52085
   FFLU     89     0.00000
   PSOL     89    14.03758
   PFLU     89     0.00000
   FEXT     89     0.00000
   FULL     89    69.88322
   TSTEP    89     2.22108
   IO       89    14.89637
   INIT     89     2.29590
   FSDG     89     0.00000
   GIVE     90     1.12850
   TAKE     90     1.19408
   WAIT     90    19.16557
   FSOL     90    10.21361
   FFLU     90     0.00000
   PSOL     90    18.01332
   PFLU     90     0.00000
   FEXT     90     0.00000
   FULL     90    69.90417
   TSTEP    90     2.65481
   IO       90    14.91776
   INIT     90     2.29597
   FSDG     90     0.00000
   GIVE     91     1.42764
   TAKE     91     1.23928
   WAIT     91    16.30592
   FSOL     91    18.07416
   FFLU     91     0.00000
   PSOL     91    13.18013
   PFLU     91     0.00000
   FEXT     91     0.00000
   FULL     91    69.80430
   TSTEP    91     2.17932
   IO       91    14.81586
   INIT     91     2.29590
   FSDG     91     0.00000
   GIVE     92     0.68726
   TAKE     92     1.02585
   WAIT     92    16.91570
   FSOL     92     7.36958
   FFLU     92     0.00000
   PSOL     92    23.34692
   PFLU     92     0.00000
   FEXT     92     0.00000
   FULL     92    69.95394
   TSTEP    92     3.05494
   IO       92    14.97263
   INIT     92     2.29589
   FSDG     92     0.00000
   GIVE     93     0.80688
   TAKE     93     1.31908
   WAIT     93    17.01407
   FSOL     93    10.93195
   FFLU     93     0.00000
   PSOL     93    19.45691
   PFLU     93     0.00000
   FEXT     93     0.00000
   FULL     93    69.72062
   TSTEP    93     2.88652
   IO       93    14.73782
   INIT     93     2.29512
   FSDG     93     0.00000
   GIVE     94     1.62964
   TAKE     94     1.38608
   WAIT     94    12.48079
   FSOL     94    30.22294
   FFLU     94     0.00000
   PSOL     94     4.17009
   PFLU     94     0.00000
   FEXT     94     0.00000
   FULL     94    69.83836
   TSTEP    94     2.64570
   IO       94    14.85256
   INIT     94     2.29511
   FSDG     94     0.00000
   GIVE     95     1.48423
   TAKE     95     1.16857
   WAIT     95    16.72573
   FSOL     95    23.25039
   FFLU     95     0.00000
   PSOL     95     7.29591
   PFLU     95     0.00000
   FEXT     95     0.00000
   FULL     95    69.81200
   TSTEP    95     2.66734
   IO       95    14.82567
   INIT     95     2.29576
   FSDG     95     0.00000
   GIVE     96     0.92638
   TAKE     96     1.19474
   WAIT     96    16.97473
   FSOL     96    11.91767
   FFLU     96     0.00000
   PSOL     96    18.29215
   PFLU     96     0.00000
   FEXT     96     0.00000
   FULL     96    69.93674
   TSTEP    96     3.11825
   IO       96    14.95604
   INIT     96     2.29694
   FSDG     96     0.00000
   GIVE     97     1.02304
   TAKE     97     1.42871
   WAIT     97    17.31614
   FSOL     97     4.65297
   FFLU     97     0.00000
   PSOL     97    24.36963
   PFLU     97     0.00000
   FEXT     97     0.00000
   FULL     97    69.72701
   TSTEP    97     3.58801
   IO       97    14.75102
   INIT     97     2.29688
   FSDG     97     0.00000
   GIVE     98     1.48558
   TAKE     98     1.46029
   WAIT     98    14.34810
   FSOL     98    24.59466
   FFLU     98     0.00000
   PSOL     98     7.54049
   PFLU     98     0.00000
   FEXT     98     0.00000
   FULL     98    69.89957
   TSTEP    98     3.09985
   IO       98    14.91843
   INIT     98     2.29671
   FSDG     98     0.00000
   GIVE     99     0.88005
   TAKE     99     1.17145
   WAIT     99    18.22823
   FSOL     99    13.58757
   FFLU     99     0.00000
   PSOL     99    15.58751
   PFLU     99     0.00000
   FEXT     99     0.00000
   FULL     99    69.86156
   TSTEP    99     3.07160
   IO       99    14.88193
   INIT     99     2.29696
   FSDG     99     0.00000
   GIVE    100     0.84289
   TAKE    100     1.37303
   WAIT    100    16.04083
   FSOL    100     8.62195
   FFLU    100     0.00000
   PSOL    100    21.88719
   PFLU    100     0.00000
   FEXT    100     0.00000
   FULL    100    69.91977
   TSTEP   100     3.63101
   IO      100    14.94245
   INIT    100     2.29675
   FSDG    100     0.00000
   GIVE    101     0.73006
   TAKE    101     0.94119
   WAIT    101    19.37991
   FSOL    101     4.94228
   FFLU    101     0.00000
   PSOL    101    22.78113
   PFLU    101     0.00000
   FEXT    101     0.00000
   FULL    101    69.81154
   TSTEP   101     3.65314
   IO      101    14.83372
   INIT    101     2.29691
   FSDG    101     0.00000
   GIVE    102     1.40929
   TAKE    102     1.19396
   WAIT    102    17.38340
   FSOL    102    17.21526
   FFLU    102     0.00000
   PSOL    102    12.28741
   PFLU    102     0.00000
   FEXT    102     0.00000
   FULL    102    69.88002
   TSTEP   102     3.06687
   IO      102    14.89932
   INIT    102     2.29632
   FSDG    102     0.00000
   GIVE    103     0.92999
   TAKE    103     1.35472
   WAIT    103    18.38126
   FSOL    103     7.76214
   FFLU    103     0.00000
   PSOL    103    20.84156
   PFLU    103     0.00000
   FEXT    103     0.00000
   FULL    103    69.73696
   TSTEP   103     3.21918
   IO      103    14.75780
   INIT    103     2.29694
   FSDG    103     0.00000
   GIVE    104     0.82802
   TAKE    104     0.90856
   WAIT    104    18.52337
   FSOL    104     8.18775
   FFLU    104     0.00000
   PSOL    104    20.93970
   PFLU    104     0.00000
   FEXT    104     0.00000
   FULL    104    69.91488
   TSTEP   104     3.12853
   IO      104    14.93447
   INIT    104     2.29665
   FSDG    104     0.00000
   GIVE    105     1.61287
   TAKE    105     1.39241
   WAIT    105    15.85785
   FSOL    105    17.82836
   FFLU    105     0.00000
   PSOL    105    12.76053
   PFLU    105     0.00000
   FEXT    105     0.00000
   FULL    105    69.74577
   TSTEP   105     3.00351
   IO      105    14.76334
   INIT    105     2.29688
   FSDG    105     0.00000
   GIVE    106     1.23292
   TAKE    106     0.98079
   WAIT    106    12.67315
   FSOL    106    35.11108
   FFLU    106     0.00000
   PSOL    106     0.00000
   PFLU    106     0.00000
   FEXT    106     0.00000
   FULL    106    69.37994
   TSTEP   106     2.73627
   IO      106    14.39171
   INIT    106     2.29692
   FSDG    106     0.00000
   GIVE    107     1.34935
   TAKE    107     1.16000
   WAIT    107    17.41306
   FSOL    107    10.69881
   FFLU    107     0.00000
   PSOL    107    18.74471
   PFLU    107     0.00000
   FEXT    107     0.00000
   FULL    107    69.79905
   TSTEP   107     3.00285
   IO      107    14.81715
   INIT    107     2.29693
   FSDG    107     0.00000
   GIVE    108     1.34541
   TAKE    108     1.20695
   WAIT    108    15.60042
   FSOL    108     9.67022
   FFLU    108     0.00000
   PSOL    108    21.41752
   PFLU    108     0.00000
   FEXT    108     0.00000
   FULL    108    69.93115
   TSTEP   108     3.06415
   IO      108    14.94909
   INIT    108     2.29682
   FSDG    108     0.00000
   GIVE    109     1.39672
   TAKE    109     1.25078
   WAIT    109    15.63858
   FSOL    109    22.75954
   FFLU    109     0.00000
   PSOL    109     8.51395
   PFLU    109     0.00000
   FEXT    109     0.00000
   FULL    109    69.62691
   TSTEP   109     2.99524
   IO      109    14.64418
   INIT    109     2.29668
   FSDG    109     0.00000
   GIVE    110     0.71969
   TAKE    110     0.98278
   WAIT    110    18.96284
   FSOL    110     4.75348
   FFLU    110     0.00000
   PSOL    110    23.51819
   PFLU    110     0.00000
   FEXT    110     0.00000
   FULL    110    69.94223
   TSTEP   110     3.56338
   IO      110    14.96427
   INIT    110     2.29609
   FSDG    110     0.00000
   GIVE    111     0.84918
   TAKE    111     0.73430
   WAIT    111    20.56428
   FSOL    111     7.16467
   FFLU    111     0.00000
   PSOL    111    19.67320
   PFLU    111     0.00000
   FEXT    111     0.00000
   FULL    111    69.75795
   TSTEP   111     3.52107
   IO      111    14.77878
   INIT    111     2.29666
   FSDG    111     0.00000
   GIVE    112     1.33529
   TAKE    112     1.36684
   WAIT    112    13.38332
   FSOL    112    30.30805
   FFLU    112     0.00000
   PSOL    112     3.49395
   PFLU    112     0.00000
   FEXT    112     0.00000
   FULL    112    69.86262
   TSTEP   112     2.69338
   IO      112    14.90163
   INIT    112     2.26915
   FSDG    112     0.00000
   GIVE    113     0.96512
   TAKE    113     1.26793
   WAIT    113    19.99070
   FSOL    113     6.80215
   FFLU    113     0.00000
   PSOL    113    20.48557
   PFLU    113     0.00000
   FEXT    113     0.00000
   FULL    113    69.93301
   TSTEP   113     2.98673
   IO      113    14.97897
   INIT    113     2.26914
   FSDG    113     0.00000
   GIVE    114     0.86132
   TAKE    114     1.05777
   WAIT    114    17.52923
   FSOL    114     6.06360
   FFLU    114     0.00000
   PSOL    114    23.99519
   PFLU    114     0.00000
   FEXT    114     0.00000
   FULL    114    69.91538
   TSTEP   114     2.99105
   IO      114    14.95762
   INIT    114     2.26913
   FSDG    114     0.00000
   GIVE    115     1.12902
   TAKE    115     1.06698
   WAIT    115    18.57025
   FSOL    115     9.09971
   FFLU    115     0.00000
   PSOL    115    19.71029
   PFLU    115     0.00000
   FEXT    115     0.00000
   FULL    115    69.92067
   TSTEP   115     2.88922
   IO      115    14.96191
   INIT    115     2.26918
   FSDG    115     0.00000
   GIVE    116     0.94524
   TAKE    116     0.96354
   WAIT    116    18.36931
   FSOL    116     7.94543
   FFLU    116     0.00000
   PSOL    116    21.14388
   PFLU    116     0.00000
   FEXT    116     0.00000
   FULL    116    69.89953
   TSTEP   116     3.11550
   IO      116    14.94632
   INIT    116     2.26914
   FSDG    116     0.00000
   GIVE    117     0.74025
   TAKE    117     0.98777
   WAIT    117    18.90568
   FSOL    117     5.27907
   FFLU    117     0.00000
   PSOL    117    23.02963
   PFLU    117     0.00000
   FEXT    117     0.00000
   FULL    117    69.85579
   TSTEP   117     3.53946
   IO      117    14.90619
   INIT    117     2.26915
   FSDG    117     0.00000
   GIVE    118     1.61070
   TAKE    118     1.23421
   WAIT    118    14.05477
   FSOL    118    18.72383
   FFLU    118     0.00000
   PSOL    118    13.69092
   PFLU    118     0.00000
   FEXT    118     0.00000
   FULL    118    69.92767
   TSTEP   118     3.08252
   IO      118    14.97441
   INIT    118     2.26920
   FSDG    118     0.00000
   GIVE    119     0.83784
   TAKE    119     1.27994
   WAIT    119    16.74479
   FSOL    119     6.40346
   FFLU    119     0.00000
   PSOL    119    23.72157
   PFLU    119     0.00000
   FEXT    119     0.00000
   FULL    119    69.87756
   TSTEP   119     3.49020
   IO      119    14.92740
   INIT    119     2.26914
   FSDG    119     0.00000
   GIVE    120     1.65548
   TAKE    120     1.23065
   WAIT    120    12.59594
   FSOL    120    34.28947
   FFLU    120     0.00000
   PSOL    120     0.17937
   PFLU    120     0.00000
   FEXT    120     0.00000
   FULL    120    69.59933
   TSTEP   120     2.70128
   IO      120    14.63848
   INIT    120     2.26913
   FSDG    120     0.00000
   GIVE    121     1.69252
   TAKE    121     1.13651
   WAIT    121    16.70174
   FSOL    121    13.17329
   FFLU    121     0.00000
   PSOL    121    17.08734
   PFLU    121     0.00000
   FEXT    121     0.00000
   FULL    121    69.58540
   TSTEP   121     2.60039
   IO      121    14.62481
   INIT    121     2.26910
   FSDG    121     0.00000
   GIVE    122     1.03043
   TAKE    122     1.09606
   WAIT    122    16.02626
   FSOL    122    19.28700
   FFLU    122     0.00000
   PSOL    122    12.40865
   PFLU    122     0.00000
   FEXT    122     0.00000
   FULL    122    69.90756
   TSTEP   122     2.70223
   IO      122    14.94712
   INIT    122     2.26920
   FSDG    122     0.00000
   GIVE    123     0.73378
   TAKE    123     1.13861
   WAIT    123    19.11085
   FSOL    123     6.24784
   FFLU    123     0.00000
   PSOL    123    22.28557
   PFLU    123     0.00000
   FEXT    123     0.00000
   FULL    123    69.77742
   TSTEP   123     2.99830
   IO      123    14.82373
   INIT    123     2.26917
   FSDG    123     0.00000
   GIVE    124     1.04294
   TAKE    124     1.08922
   WAIT    124    17.86347
   FSOL    124     9.05561
   FFLU    124     0.00000
   PSOL    124    20.34537
   PFLU    124     0.00000
   FEXT    124     0.00000
   FULL    124    69.93683
   TSTEP   124     3.07685
   IO      124    14.98249
   INIT    124     2.26909
   FSDG    124     0.00000
   GIVE    125     1.00168
   TAKE    125     0.85393
   WAIT    125    18.52405
   FSOL    125     6.74368
   FFLU    125     0.00000
   PSOL    125    22.30779
   PFLU    125     0.00000
   FEXT    125     0.00000
   FULL    125    69.92429
   TSTEP   125     3.02481
   IO      125    14.96974
   INIT    125     2.26913
   FSDG    125     0.00000
   GIVE    126     0.95974
   TAKE    126     1.10702
   WAIT    126    18.80278
   FSOL    126    14.38926
   FFLU    126     0.00000
   PSOL    126    14.20340
   PFLU    126     0.00000
   FEXT    126     0.00000
   FULL    126    69.71266
   TSTEP   126     3.09411
   IO      126    14.75754
   INIT    126     2.26913
   FSDG    126     0.00000
   GIVE    127     1.03051
   TAKE    127     0.91032
   WAIT    127    19.32566
   FSOL    127     6.86985
   FFLU    127     0.00000
   PSOL    127    21.32726
   PFLU    127     0.00000
   FEXT    127     0.00000
   FULL    127    69.88722
   TSTEP   127     2.99787
   IO      127    14.93199
   INIT    127     2.26911
   FSDG    127     0.00000
