   GIVE      0     0.62623
   TAKE      0     0.82931
   WAIT      0    13.67491
   FSOL      0    15.56133
   FFLU      0     0.00000
   PSOL      0    15.90601
   PFLU      0     0.00000
   FEXT      0     0.00000
   FULL      0    65.15889
   TSTEP     0     1.83620
   IO        0    14.96911
   INIT      0     1.31152
   FSDG      0     0.00000
   GIVE      1     1.15481
   TAKE      1     1.32934
   WAIT      1    13.06742
   FSOL      1    23.23820
   FFLU      1     0.00000
   PSOL      1     8.41692
   PFLU      1     0.00000
   FEXT      1     0.00000
   FULL      1    64.63988
   TSTEP     1     1.47768
   IO        1    14.47336
   INIT      1     1.31188
   FSDG      1     0.00000
   GIVE      2     0.55753
   TAKE      2     0.70872
   WAIT      2    13.60795
   FSOL      2     8.96774
   FFLU      2     0.00000
   PSOL      2    22.69144
   PFLU      2     0.00000
   FEXT      2     0.00000
   FULL      2    65.13787
   TSTEP     2     2.03531
   IO        2    14.97794
   INIT      2     1.31172
   FSDG      2     0.00000
   GIVE      3     0.79574
   TAKE      3     1.14112
   WAIT      3    12.93535
   FSOL      3    21.15276
   FFLU      3     0.00000
   PSOL      3    10.99461
   PFLU      3     0.00000
   FEXT      3     0.00000
   FULL      3    64.65672
   TSTEP     3     1.62317
   IO        3    14.49057
   INIT      3     1.31201
   FSDG      3     0.00000
   GIVE      4     0.91332
   TAKE      4     0.97863
   WAIT      4    17.44734
   FSOL      4    10.90320
   FFLU      4     0.00000
   PSOL      4    17.09990
   PFLU      4     0.00000
   FEXT      4     0.00000
   FULL      4    64.99032
   TSTEP     4     1.26236
   IO        4    14.82211
   INIT      4     1.31177
   FSDG      4     0.00000
   GIVE      5     1.14722
   TAKE      5     1.07183
   WAIT      5    14.25947
   FSOL      5    15.88584
   FFLU      5     0.00000
   PSOL      5    14.94132
   PFLU      5     0.00000
   FEXT      5     0.00000
   FULL      5    64.80361
   TSTEP     5     1.25636
   IO        5    14.63450
   INIT      5     1.31197
   FSDG      5     0.00000
   GIVE      6     0.83655
   TAKE      6     1.27819
   WAIT      6    15.87704
   FSOL      6     6.69664
   FFLU      6     0.00000
   PSOL      6    22.13565
   PFLU      6     0.00000
   FEXT      6     0.00000
   FULL      6    64.95967
   TSTEP     6     1.73542
   IO        6    14.79607
   INIT      6     1.31199
   FSDG      6     0.00000
   GIVE      7     0.83191
   TAKE      7     0.98304
   WAIT      7    14.55736
   FSOL      7    16.04105
   FFLU      7     0.00000
   PSOL      7    14.58107
   PFLU      7     0.00000
   FEXT      7     0.00000
   FULL      7    65.05635
   TSTEP     7     1.63885
   IO        7    14.88964
   INIT      7     1.31199
   FSDG      7     0.00000
   GIVE      8     1.11774
   TAKE      8     1.05055
   WAIT      8    16.58985
   FSOL      8    11.93859
   FFLU      8     0.00000
   PSOL      8    16.61355
   PFLU      8     0.00000
   FEXT      8     0.00000
   FULL      8    65.09916
   TSTEP     8     1.27788
   IO        8    14.92994
   INIT      8     1.31186
   FSDG      8     0.00000
   GIVE      9     1.46260
   TAKE      9     1.12791
   WAIT      9    10.86056
   FSOL      9    34.11595
   FFLU      9     0.00000
   PSOL      9     0.00000
   PFLU      9     0.00000
   FEXT      9     0.00000
   FULL      9    64.35113
   TSTEP     9     1.24778
   IO        9    14.18245
   INIT      9     1.31194
   FSDG      9     0.00000
   GIVE     10     1.05964
   TAKE     10     0.93392
   WAIT     10    14.70931
   FSOL     10     8.88706
   FFLU     10     0.00000
   PSOL     10    21.62778
   PFLU     10     0.00000
   FEXT     10     0.00000
   FULL     10    65.15349
   TSTEP    10     1.28635
   IO       10    14.98453
   INIT     10     1.31198
   FSDG     10     0.00000
   GIVE     11     1.00780
   TAKE     11     1.18343
   WAIT     11    15.07383
   FSOL     11    17.63686
   FFLU     11     0.00000
   PSOL     11    12.46206
   PFLU     11     0.00000
   FEXT     11     0.00000
   FULL     11    64.81117
   TSTEP    11     1.28052
   IO       11    14.64359
   INIT     11     1.31200
   FSDG     11     0.00000
   GIVE     12     1.29861
   TAKE     12     1.14495
   WAIT     12    16.48128
   FSOL     12    12.93482
   FFLU     12     0.00000
   PSOL     12    15.27266
   PFLU     12     0.00000
   FEXT     12     0.00000
   FULL     12    64.90837
   TSTEP    12     1.44384
   IO       12    14.74161
   INIT     12     1.31199
   FSDG     12     0.00000
   GIVE     13     1.18095
   TAKE     13     1.02499
   WAIT     13    10.18234
   FSOL     13    28.65566
   FFLU     13     0.00000
   PSOL     13     5.06985
   PFLU     13     0.00000
   FEXT     13     0.00000
   FULL     13    65.12725
   TSTEP    13     1.60131
   IO       13    15.67005
   INIT     13     1.31191
   FSDG     13     0.00000
   GIVE     14     1.08293
   TAKE     14     1.59946
   WAIT     14    12.84614
   FSOL     14    13.79965
   FFLU     14     0.00000
   PSOL     14    17.68362
   PFLU     14     0.00000
   FEXT     14     0.00000
   FULL     14    65.06148
   TSTEP    14     1.53794
   IO       14    14.89762
   INIT     14     1.31120
   FSDG     14     0.00000
   GIVE     15     0.61039
   TAKE     15     0.66136
   WAIT     15    14.20801
   FSOL     15    10.00280
   FFLU     15     0.00000
   PSOL     15    21.07002
   PFLU     15     0.00000
   FEXT     15     0.00000
   FULL     15    64.95244
   TSTEP    15     2.04132
   IO       15    14.78774
   INIT     15     1.31195
   FSDG     15     0.00000
   GIVE     16     1.19192
   TAKE     16     1.22011
   WAIT     16    12.09873
   FSOL     16    33.18700
   FFLU     16     0.00000
   PSOL     16     0.00000
   PFLU     16     0.00000
   FEXT     16     0.00000
   FULL     16    64.95383
   TSTEP    16     1.11404
   IO       16    14.78419
   INIT     16     1.31260
   FSDG     16     0.00000
   GIVE     17     0.88706
   TAKE     17     1.07738
   WAIT     17    17.01830
   FSOL     17    10.75480
   FFLU     17     0.00000
   PSOL     17    17.64482
   PFLU     17     0.00000
   FEXT     17     0.00000
   FULL     17    64.94541
   TSTEP    17     1.20759
   IO       17    14.77579
   INIT     17     1.31265
   FSDG     17     0.00000
   GIVE     18     0.77260
   TAKE     18     1.12412
   WAIT     18    16.47063
   FSOL     18     6.88150
   FFLU     18     0.00000
   PSOL     18    21.84472
   PFLU     18     0.00000
   FEXT     18     0.00000
   FULL     18    65.21022
   TSTEP    18     1.49266
   IO       18    15.04316
   INIT     18     1.31267
   FSDG     18     0.00000
   GIVE     19     1.12480
   TAKE     19     1.06370
   WAIT     19    13.58129
   FSOL     19    12.90191
   FFLU     19     0.00000
   PSOL     19    18.80816
   PFLU     19     0.00000
   FEXT     19     0.00000
   FULL     19    64.99490
   TSTEP    19     1.09900
   IO       19    14.82519
   INIT     19     1.31266
   FSDG     19     0.00000
   GIVE     20     1.16739
   TAKE     20     1.11536
   WAIT     20    14.20728
   FSOL     20    19.25495
   FFLU     20     0.00000
   PSOL     20    11.44953
   PFLU     20     0.00000
   FEXT     20     0.00000
   FULL     20    65.09520
   TSTEP    20     1.42942
   IO       20    14.92704
   INIT     20     1.31251
   FSDG     20     0.00000
   GIVE     21     0.87151
   TAKE     21     1.30628
   WAIT     21    14.63398
   FSOL     21     9.43504
   FFLU     21     0.00000
   PSOL     21    20.90514
   PFLU     21     0.00000
   FEXT     21     0.00000
   FULL     21    65.12627
   TSTEP    21     1.43716
   IO       21    14.95963
   INIT     21     1.31265
   FSDG     21     0.00000
   GIVE     22     0.53243
   TAKE     22     0.99721
   WAIT     22    14.83359
   FSOL     22    10.60694
   FFLU     22     0.00000
   PSOL     22    19.73908
   PFLU     22     0.00000
   FEXT     22     0.00000
   FULL     22    65.17248
   TSTEP    22     1.87975
   IO       22    15.01055
   INIT     22     1.31255
   FSDG     22     0.00000
   GIVE     23     0.97898
   TAKE     23     0.93885
   WAIT     23     9.82828
   FSOL     23    23.28372
   FFLU     23     0.00000
   PSOL     23     8.43039
   PFLU     23     0.00000
   FEXT     23     0.00000
   FULL     23    65.21350
   TSTEP    23     1.54059
   IO       23    18.46886
   INIT     23     1.31262
   FSDG     23     0.00000
   GIVE     24     1.16345
   TAKE     24     1.16703
   WAIT     24    16.49520
   FSOL     24    16.53437
   FFLU     24     0.00000
   PSOL     24    11.84029
   PFLU     24     0.00000
   FEXT     24     0.00000
   FULL     24    65.14376
   TSTEP    24     1.42151
   IO       24    14.97619
   INIT     24     1.31164
   FSDG     24     0.00000
   GIVE     25     0.89144
   TAKE     25     1.14150
   WAIT     25    13.28797
   FSOL     25     9.00138
   FFLU     25     0.00000
   PSOL     25    22.36448
   PFLU     25     0.00000
   FEXT     25     0.00000
   FULL     25    65.15833
   TSTEP    25     1.87048
   IO       25    14.99501
   INIT     25     1.31260
   FSDG     25     0.00000
   GIVE     26     0.81947
   TAKE     26     0.82184
   WAIT     26    14.02477
   FSOL     26     9.03252
   FFLU     26     0.00000
   PSOL     26    21.93017
   PFLU     26     0.00000
   FEXT     26     0.00000
   FULL     26    65.20531
   TSTEP    26     1.86343
   IO       26    15.04152
   INIT     26     1.31251
   FSDG     26     0.00000
   GIVE     27     1.23602
   TAKE     27     1.75103
   WAIT     27    11.92669
   FSOL     27    22.57952
   FFLU     27     0.00000
   PSOL     27     9.69257
   PFLU     27     0.00000
   FEXT     27     0.00000
   FULL     27    64.82333
   TSTEP    27     1.44045
   IO       27    14.65538
   INIT     27     1.31263
   FSDG     27     0.00000
   GIVE     28     1.18707
   TAKE     28     1.22388
   WAIT     28    15.85112
   FSOL     28    10.87793
   FFLU     28     0.00000
   PSOL     28    17.94609
   PFLU     28     0.00000
   FEXT     28     0.00000
   FULL     28    65.21638
   TSTEP    28     1.42520
   IO       28    15.04985
   INIT     28     1.31247
   FSDG     28     0.00000
   GIVE     29     0.93904
   TAKE     29     1.06402
   WAIT     29    16.16453
   FSOL     29     6.63833
   FFLU     29     0.00000
   PSOL     29    22.31870
   PFLU     29     0.00000
   FEXT     29     0.00000
   FULL     29    65.00585
   TSTEP    29     1.46097
   IO       29    14.84006
   INIT     29     1.31261
   FSDG     29     0.00000
   GIVE     30     0.98159
   TAKE     30     1.36694
   WAIT     30    15.65463
   FSOL     30    11.72294
   FFLU     30     0.00000
   PSOL     30    17.45055
   PFLU     30     0.00000
   FEXT     30     0.00000
   FULL     30    65.13647
   TSTEP    30     1.40525
   IO       30    14.96977
   INIT     30     1.31194
   FSDG     30     0.00000
   GIVE     31     1.13807
   TAKE     31     1.04095
   WAIT     31    12.83250
   FSOL     31    32.72449
   FFLU     31     0.00000
   PSOL     31     0.00000
   PFLU     31     0.00000
   FEXT     31     0.00000
   FULL     31    64.42381
   TSTEP    31     1.08454
   IO       31    14.25410
   INIT     31     1.31259
   FSDG     31     0.00000
   GIVE     32     1.47927
   TAKE     32     1.19914
   WAIT     32    12.54129
   FSOL     32    23.24625
   FFLU     32     0.00000
   PSOL     32     9.53611
   PFLU     32     0.00000
   FEXT     32     0.00000
   FULL     32    64.78799
   TSTEP    32     0.63001
   IO       32    14.61577
   INIT     32     1.31323
   FSDG     32     0.00000
   GIVE     33     0.98003
   TAKE     33     1.37333
   WAIT     33    13.69000
   FSOL     33    19.47045
   FFLU     33     0.00000
   PSOL     33    12.26529
   PFLU     33     0.00000
   FEXT     33     0.00000
   FULL     33    64.72553
   TSTEP    33     0.87681
   IO       33    14.55494
   INIT     33     1.31351
   FSDG     33     0.00000
   GIVE     34     1.05463
   TAKE     34     1.44451
   WAIT     34    15.06535
   FSOL     34    15.76420
   FFLU     34     0.00000
   PSOL     34    14.43945
   PFLU     34     0.00000
   FEXT     34     0.00000
   FULL     34    64.92482
   TSTEP    34     0.83900
   IO       34    14.75543
   INIT     34     1.31360
   FSDG     34     0.00000
   GIVE     35     0.89026
   TAKE     35     1.42294
   WAIT     35    15.95169
   FSOL     35     7.26557
   FFLU     35     0.00000
   PSOL     35    22.07653
   PFLU     35     0.00000
   FEXT     35     0.00000
   FULL     35    65.20107
   TSTEP    35     0.94969
   IO       35    15.03366
   INIT     35     1.31282
   FSDG     35     0.00000
   GIVE     36     1.07464
   TAKE     36     1.25811
   WAIT     36    14.80228
   FSOL     36     7.58955
   FFLU     36     0.00000
   PSOL     36    22.57341
   PFLU     36     0.00000
   FEXT     36     0.00000
   FULL     36    65.17436
   TSTEP    36     1.22187
   IO       36    15.00665
   INIT     36     1.31339
   FSDG     36     0.00000
   GIVE     37     1.01920
   TAKE     37     1.27058
   WAIT     37    15.95329
   FSOL     37    17.03759
   FFLU     37     0.00000
   PSOL     37    12.34554
   PFLU     37     0.00000
   FEXT     37     0.00000
   FULL     37    64.96182
   TSTEP    37     1.00581
   IO       37    14.79106
   INIT     37     1.31326
   FSDG     37     0.00000
   GIVE     38     1.74602
   TAKE     38     1.33472
   WAIT     38    10.58303
   FSOL     38    25.58282
   FFLU     38     0.00000
   PSOL     38     8.40368
   PFLU     38     0.00000
   FEXT     38     0.00000
   FULL     38    65.04290
   TSTEP    38     0.99978
   IO       38    14.87053
   INIT     38     1.31342
   FSDG     38     0.00000
   GIVE     39     1.23015
   TAKE     39     1.80491
   WAIT     39    12.39077
   FSOL     39    11.23256
   FFLU     39     0.00000
   PSOL     39    20.60394
   PFLU     39     0.00000
   FEXT     39     0.00000
   FULL     39    64.99345
   TSTEP    39     1.20717
   IO       39    14.82477
   INIT     39     1.31332
   FSDG     39     0.00000
   GIVE     40     0.93581
   TAKE     40     1.03532
   WAIT     40    15.73722
   FSOL     40    11.22059
   FFLU     40     0.00000
   PSOL     40    18.94715
   PFLU     40     0.00000
   FEXT     40     0.00000
   FULL     40    65.17023
   TSTEP    40     0.71641
   IO       40    14.99966
   INIT     40     1.31357
   FSDG     40     0.00000
   GIVE     41     1.02992
   TAKE     41     0.99407
   WAIT     41    15.33573
   FSOL     41     9.44850
   FFLU     41     0.00000
   PSOL     41    20.73503
   PFLU     41     0.00000
   FEXT     41     0.00000
   FULL     41    65.06529
   TSTEP    41     0.98104
   IO       41    14.89559
   INIT     41     1.31325
   FSDG     41     0.00000
   GIVE     42     1.41535
   TAKE     42     1.27377
   WAIT     42    14.68474
   FSOL     42     8.36157
   FFLU     42     0.00000
   PSOL     42    22.05249
   PFLU     42     0.00000
   FEXT     42     0.00000
   FULL     42    65.19229
   TSTEP    42     0.68723
   IO       42    15.02182
   INIT     42     1.31328
   FSDG     42     0.00000
   GIVE     43     1.50094
   TAKE     43     1.28750
   WAIT     43    12.41773
   FSOL     43    27.52865
   FFLU     43     0.00000
   PSOL     43     5.30826
   PFLU     43     0.00000
   FEXT     43     0.00000
   FULL     43    65.10500
   TSTEP    43     0.62528
   IO       43    14.93344
   INIT     43     1.31331
   FSDG     43     0.00000
   GIVE     44     1.16975
   TAKE     44     1.14294
   WAIT     44    15.74672
   FSOL     44     9.83407
   FFLU     44     0.00000
   PSOL     44    19.67896
   PFLU     44     0.00000
   FEXT     44     0.00000
   FULL     44    65.13926
   TSTEP    44     0.93434
   IO       44    14.96970
   INIT     44     1.31341
   FSDG     44     0.00000
   GIVE     45     1.38942
   TAKE     45     1.08262
   WAIT     45    11.33842
   FSOL     45    34.11613
   FFLU     45     0.00000
   PSOL     45     0.00000
   PFLU     45     0.00000
   FEXT     45     0.00000
   FULL     45    64.62493
   TSTEP    45     0.89323
   IO       45    14.45302
   INIT     45     1.31348
   FSDG     45     0.00000
   GIVE     46     0.69778
   TAKE     46     1.07352
   WAIT     46    15.91496
   FSOL     46     8.27981
   FFLU     46     0.00000
   PSOL     46    21.45618
   PFLU     46     0.00000
   FEXT     46     0.00000
   FULL     46    65.17844
   TSTEP    46     1.15370
   IO       46    15.00946
   INIT     46     1.31284
   FSDG     46     0.00000
   GIVE     47     0.99561
   TAKE     47     1.21890
   WAIT     47    15.55140
   FSOL     47    12.72902
   FFLU     47     0.00000
   PSOL     47    16.98572
   PFLU     47     0.00000
   FEXT     47     0.00000
   FULL     47    65.04850
   TSTEP    47     1.11053
   IO       47    14.87848
   INIT     47     1.31349
   FSDG     47     0.00000
   GIVE     48     1.00034
   TAKE     48     1.10161
   WAIT     48    15.42252
   FSOL     48    17.28716
   FFLU     48     0.00000
   PSOL     48    12.78281
   PFLU     48     0.00000
   FEXT     48     0.00000
   FULL     48    65.18126
   TSTEP    48     1.02472
   IO       48    15.01411
   INIT     48     1.31127
   FSDG     48     0.00000
   GIVE     49     0.85430
   TAKE     49     0.86717
   WAIT     49    16.61538
   FSOL     49    12.64773
   FFLU     49     0.00000
   PSOL     49    16.56120
   PFLU     49     0.00000
   FEXT     49     0.00000
   FULL     49    65.23378
   TSTEP    49     1.05111
   IO       49    15.06710
   INIT     49     1.31132
   FSDG     49     0.00000
   GIVE     50     1.17319
   TAKE     50     1.29476
   WAIT     50    14.56537
   FSOL     50    13.66254
   FFLU     50     0.00000
   PSOL     50    16.83627
   PFLU     50     0.00000
   FEXT     50     0.00000
   FULL     50    65.21843
   TSTEP    50     1.00999
   IO       50    15.05041
   INIT     50     1.31133
   FSDG     50     0.00000
   GIVE     51     0.90005
   TAKE     51     0.79852
   WAIT     51    16.13659
   FSOL     51     7.64426
   FFLU     51     0.00000
   PSOL     51    22.04510
   PFLU     51     0.00000
   FEXT     51     0.00000
   FULL     51    65.21946
   TSTEP    51     1.02767
   IO       51    15.05118
   INIT     51     1.31113
   FSDG     51     0.00000
   GIVE     52     1.04904
   TAKE     52     1.20248
   WAIT     52    15.20000
   FSOL     52    14.27465
   FFLU     52     0.00000
   PSOL     52    16.03122
   PFLU     52     0.00000
   FEXT     52     0.00000
   FULL     52    65.24058
   TSTEP    52     0.82599
   IO       52    15.07312
   INIT     52     1.31143
   FSDG     52     0.00000
   GIVE     53     1.65503
   TAKE     53     1.18024
   WAIT     53    13.76023
   FSOL     53    13.53324
   FFLU     53     0.00000
   PSOL     53    17.30086
   PFLU     53     0.00000
   FEXT     53     0.00000
   FULL     53    65.13040
   TSTEP    53     1.03257
   IO       53    14.96280
   INIT     53     1.31132
   FSDG     53     0.00000
   GIVE     54     1.30156
   TAKE     54     1.29535
   WAIT     54    14.03313
   FSOL     54    16.99804
   FFLU     54     0.00000
   PSOL     54    14.11849
   PFLU     54     0.00000
   FEXT     54     0.00000
   FULL     54    65.23686
   TSTEP    54     0.82376
   IO       54    15.06974
   INIT     54     1.31052
   FSDG     54     0.00000
   GIVE     55     0.82135
   TAKE     55     0.86924
   WAIT     55    17.05071
   FSOL     55     5.47281
   FFLU     55     0.00000
   PSOL     55    23.32471
   PFLU     55     0.00000
   FEXT     55     0.00000
   FULL     55    65.17149
   TSTEP    55     1.03594
   IO       55    15.00467
   INIT     55     1.31132
   FSDG     55     0.00000
   GIVE     56     0.98877
   TAKE     56     1.37805
   WAIT     56    15.47651
   FSOL     56    14.01193
   FFLU     56     0.00000
   PSOL     56    15.74008
   PFLU     56     0.00000
   FEXT     56     0.00000
   FULL     56    65.02535
   TSTEP    56     0.98901
   IO       56    14.85812
   INIT     56     1.31130
   FSDG     56     0.00000
   GIVE     57     0.83699
   TAKE     57     1.01537
   WAIT     57    15.34570
   FSOL     57    10.89111
   FFLU     57     0.00000
   PSOL     57    19.43660
   PFLU     57     0.00000
   FEXT     57     0.00000
   FULL     57    65.03039
   TSTEP    57     1.06522
   IO       57    14.86320
   INIT     57     1.31105
   FSDG     57     0.00000
   GIVE     58     1.82284
   TAKE     58     1.30771
   WAIT     58    11.31979
   FSOL     58    18.16298
   FFLU     58     0.00000
   PSOL     58    15.08986
   PFLU     58     0.00000
   FEXT     58     0.00000
   FULL     58    65.06232
   TSTEP    58     0.77384
   IO       58    14.89366
   INIT     58     1.31126
   FSDG     58     0.00000
   GIVE     59     1.38605
   TAKE     59     1.16320
   WAIT     59    10.46550
   FSOL     59    34.99280
   FFLU     59     0.00000
   PSOL     59     0.00000
   PFLU     59     0.00000
   FEXT     59     0.00000
   FULL     59    64.63693
   TSTEP    59     0.81179
   IO       59    14.46653
   INIT     59     1.31133
   FSDG     59     0.00000
   GIVE     60     0.95333
   TAKE     60     1.06568
   WAIT     60    14.38452
   FSOL     60    10.26745
   FFLU     60     0.00000
   PSOL     60    21.05187
   PFLU     60     0.00000
   FEXT     60     0.00000
   FULL     60    65.23692
   TSTEP    60     0.84776
   IO       60    15.07146
   INIT     60     1.31041
   FSDG     60     0.00000
   GIVE     61     0.82332
   TAKE     61     0.98962
   WAIT     61    16.50360
   FSOL     61     9.51233
   FFLU     61     0.00000
   PSOL     61    19.95279
   PFLU     61     0.00000
   FEXT     61     0.00000
   FULL     61    65.21492
   TSTEP    61     0.80707
   IO       61    15.04702
   INIT     61     1.31060
   FSDG     61     0.00000
   GIVE     62     1.57240
   TAKE     62     1.15367
   WAIT     62    11.25117
   FSOL     62    34.23905
   FFLU     62     0.00000
   PSOL     62     0.00000
   PFLU     62     0.00000
   FEXT     62     0.00000
   FULL     62    64.95697
   TSTEP    62     0.59811
   IO       62    14.78618
   INIT     62     1.31145
   FSDG     62     0.00000
   GIVE     63     0.91110
   TAKE     63     1.17398
   WAIT     63    15.10288
   FSOL     63    12.74045
   FFLU     63     0.00000
   PSOL     63    17.85914
   PFLU     63     0.00000
   FEXT     63     0.00000
   FULL     63    65.19972
   TSTEP    63     0.80867
   IO       63    15.03021
   INIT     63     1.31115
   FSDG     63     0.00000
   GIVE     64     0.93627
   TAKE     64     1.38402
   WAIT     64    16.89912
   FSOL     64     8.82745
   FFLU     64     0.00000
   PSOL     64    19.74525
   PFLU     64     0.00000
   FEXT     64     0.00000
   FULL     64    64.98672
   TSTEP    64     0.77533
   IO       64    14.81884
   INIT     64     1.31063
   FSDG     64     0.00000
   GIVE     65     0.85339
   TAKE     65     1.68537
   WAIT     65    16.47499
   FSOL     65     6.41927
   FFLU     65     0.00000
   PSOL     65    22.38919
   PFLU     65     0.00000
   FEXT     65     0.00000
   FULL     65    65.07876
   TSTEP    65     0.74770
   IO       65    14.91215
   INIT     65     1.31069
   FSDG     65     0.00000
   GIVE     66     1.01293
   TAKE     66     1.58614
   WAIT     66    16.50825
   FSOL     66    10.31275
   FFLU     66     0.00000
   PSOL     66    18.39205
   PFLU     66     0.00000
   FEXT     66     0.00000
   FULL     66    65.19273
   TSTEP    66     0.74662
   IO       66    15.02463
   INIT     66     1.31001
   FSDG     66     0.00000
   GIVE     67     1.77864
   TAKE     67     1.11315
   WAIT     67    10.70682
   FSOL     67    34.81051
   FFLU     67     0.00000
   PSOL     67     0.00000
   PFLU     67     0.00000
   FEXT     67     0.00000
   FULL     67    64.60860
   TSTEP    67     0.39261
   IO       67    14.44042
   INIT     67     1.31075
   FSDG     67     0.00000
   GIVE     68     0.93481
   TAKE     68     1.21838
   WAIT     68    16.64260
   FSOL     68     7.96117
   FFLU     68     0.00000
   PSOL     68    21.05827
   PFLU     68     0.00000
   FEXT     68     0.00000
   FULL     68    65.20039
   TSTEP    68     0.75869
   IO       68    15.03367
   INIT     68     1.31063
   FSDG     68     0.00000
   GIVE     69     1.45336
   TAKE     69     1.24042
   WAIT     69    13.52896
   FSOL     69    25.64232
   FFLU     69     0.00000
   PSOL     69     6.33408
   PFLU     69     0.00000
   FEXT     69     0.00000
   FULL     69    64.73804
   TSTEP    69     0.50816
   IO       69    14.56820
   INIT     69     1.31073
   FSDG     69     0.00000
   GIVE     70     1.09470
   TAKE     70     1.43567
   WAIT     70    13.62986
   FSOL     70    22.04668
   FFLU     70     0.00000
   PSOL     70     9.91328
   PFLU     70     0.00000
   FEXT     70     0.00000
   FULL     70    65.04554
   TSTEP    70     0.53205
   IO       70    14.87675
   INIT     70     1.31065
   FSDG     70     0.00000
   GIVE     71     0.90074
   TAKE     71     1.44519
   WAIT     71    13.69568
   FSOL     71     9.05429
   FFLU     71     0.00000
   PSOL     71    22.46512
   PFLU     71     0.00000
   FEXT     71     0.00000
   FULL     71    65.17744
   TSTEP    71     0.95313
   IO       71    15.01409
   INIT     71     1.31073
   FSDG     71     0.00000
   GIVE     72     1.41325
   TAKE     72     1.11268
   WAIT     72    13.42783
   FSOL     72    18.31420
   FFLU     72     0.00000
   PSOL     72    13.80849
   PFLU     72     0.00000
   FEXT     72     0.00000
   FULL     72    65.13677
   TSTEP    72     0.48259
   IO       72    14.96747
   INIT     72     1.31027
   FSDG     72     0.00000
   GIVE     73     0.93813
   TAKE     73     1.11100
   WAIT     73    16.48193
   FSOL     73    13.32712
   FFLU     73     0.00000
   PSOL     73    16.25212
   PFLU     73     0.00000
   FEXT     73     0.00000
   FULL     73    64.88986
   TSTEP    73     0.50345
   IO       73    14.72084
   INIT     73     1.31033
   FSDG     73     0.00000
   GIVE     74     1.06918
   TAKE     74     1.03295
   WAIT     74    15.96980
   FSOL     74     6.66598
   FFLU     74     0.00000
   PSOL     74    23.08964
   PFLU     74     0.00000
   FEXT     74     0.00000
   FULL     74    65.19852
   TSTEP    74     0.66218
   IO       74    15.03018
   INIT     74     1.31028
   FSDG     74     0.00000
   GIVE     75     1.24925
   TAKE     75     1.22873
   WAIT     75    15.82295
   FSOL     75    13.42730
   FFLU     75     0.00000
   PSOL     75    16.33789
   PFLU     75     0.00000
   FEXT     75     0.00000
   FULL     75    64.95833
   TSTEP    75     0.48514
   IO       75    14.78818
   INIT     75     1.31040
   FSDG     75     0.00000
   GIVE     76     0.99542
   TAKE     76     1.12495
   WAIT     76    14.67695
   FSOL     76     9.23159
   FFLU     76     0.00000
   PSOL     76    22.02252
   PFLU     76     0.00000
   FEXT     76     0.00000
   FULL     76    65.13013
   TSTEP    76     0.46584
   IO       76    14.96155
   INIT     76     1.31063
   FSDG     76     0.00000
   GIVE     77     0.88329
   TAKE     77     0.93277
   WAIT     77    17.38850
   FSOL     77     8.41731
   FFLU     77     0.00000
   PSOL     77    20.47368
   PFLU     77     0.00000
   FEXT     77     0.00000
   FULL     77    65.08710
   TSTEP    77     0.49258
   IO       77    14.91723
   INIT     77     1.31064
   FSDG     77     0.00000
   GIVE     78     1.32110
   TAKE     78     1.00816
   WAIT     78     8.58326
   FSOL     78    37.52911
   FFLU     78     0.00000
   PSOL     78     0.00000
   PFLU     78     0.00000
   FEXT     78     0.12379
   FULL     78    64.76676
   TSTEP    78     0.25374
   IO       78    14.59590
   INIT     78     1.31068
   FSDG     78     0.00000
   GIVE     79     1.04136
   TAKE     79     0.83016
   WAIT     79    15.41200
   FSOL     79    14.76641
   FFLU     79     0.00000
   PSOL     79    16.04441
   PFLU     79     0.00000
   FEXT     79     0.00000
   FULL     79    65.03851
   TSTEP    79     0.49728
   IO       79    14.86917
   INIT     79     1.31058
   FSDG     79     0.00000
   GIVE     80     1.65543
   TAKE     80     1.22220
   WAIT     80    10.61049
   FSOL     80    34.88489
   FFLU     80     0.00000
   PSOL     80     0.00000
   PFLU     80     0.00000
   FEXT     80     0.00000
   FULL     80    64.99348
   TSTEP    80     0.44051
   IO       80    14.82178
   INIT     80     1.31251
   FSDG     80     0.00000
   GIVE     81     0.98575
   TAKE     81     1.26372
   WAIT     81    15.20791
   FSOL     81    17.52733
   FFLU     81     0.00000
   PSOL     81    12.91804
   PFLU     81     0.00000
   FEXT     81     0.00000
   FULL     81    64.98635
   TSTEP    81     0.67666
   IO       81    14.81633
   INIT     81     1.31173
   FSDG     81     0.00000
   GIVE     82     1.16370
   TAKE     82     1.44777
   WAIT     82    15.73934
   FSOL     82    12.24359
   FFLU     82     0.00000
   PSOL     82    17.31213
   PFLU     82     0.00000
   FEXT     82     0.00000
   FULL     82    65.15707
   TSTEP    82     0.62143
   IO       82    14.98681
   INIT     82     1.31258
   FSDG     82     0.00000
   GIVE     83     0.71218
   TAKE     83     0.81819
   WAIT     83    17.90412
   FSOL     83     7.79076
   FFLU     83     0.00000
   PSOL     83    20.69831
   PFLU     83     0.00000
   FEXT     83     0.00000
   FULL     83    65.22094
   TSTEP    83     0.69931
   IO       83    15.05167
   INIT     83     1.31242
   FSDG     83     0.00000
   GIVE     84     1.47959
   TAKE     84     1.30987
   WAIT     84    14.40218
   FSOL     84    21.42841
   FFLU     84     0.00000
   PSOL     84     9.55890
   PFLU     84     0.00000
   FEXT     84     0.00000
   FULL     84    64.95313
   TSTEP    84     0.41309
   IO       84    14.78118
   INIT     84     1.31236
   FSDG     84     0.00000
   GIVE     85     0.88739
   TAKE     85     1.12818
   WAIT     85    16.65281
   FSOL     85    13.95077
   FFLU     85     0.00000
   PSOL     85    15.33325
   PFLU     85     0.00000
   FEXT     85     0.00000
   FULL     85    65.19492
   TSTEP    85     0.66263
   IO       85    15.02509
   INIT     85     1.31255
   FSDG     85     0.00000
   GIVE     86     1.06831
   TAKE     86     1.57568
   WAIT     86    14.73597
   FSOL     86     7.50460
   FFLU     86     0.00000
   PSOL     86    23.01617
   PFLU     86     0.00000
   FEXT     86     0.00000
   FULL     86    65.20568
   TSTEP    86     0.60892
   IO       86    15.03582
   INIT     86     1.31241
   FSDG     86     0.00000
   GIVE     87     2.12783
   TAKE     87     1.40376
   WAIT     87    11.34584
   FSOL     87    23.31312
   FFLU     87     0.00000
   PSOL     87     9.95338
   PFLU     87     0.00000
   FEXT     87     0.00000
   FULL     87    65.12017
   TSTEP    87     0.39204
   IO       87    14.94775
   INIT     87     1.31252
   FSDG     87     0.00000
   GIVE     88     0.78656
   TAKE     88     0.91863
   WAIT     88    18.40197
   FSOL     88     5.97918
   FFLU     88     0.00000
   PSOL     88    21.71470
   PFLU     88     0.00000
   FEXT     88     0.00000
   FULL     88    65.24224
   TSTEP    88     0.79472
   IO       88    15.07425
   INIT     88     1.31165
   FSDG     88     0.00000
   GIVE     89     1.13449
   TAKE     89     1.01132
   WAIT     89    16.70076
   FSOL     89    15.01624
   FFLU     89     0.00000
   PSOL     89    14.04063
   PFLU     89     0.00000
   FEXT     89     0.00000
   FULL     89    65.06327
   TSTEP    89     0.68199
   IO       89    14.89177
   INIT     89     1.31259
   FSDG     89     0.00000
   GIVE     90     1.05168
   TAKE     90     1.11551
   WAIT     90    18.24431
   FSOL     90     9.85975
   FFLU     90     0.00000
   PSOL     90    17.63969
   PFLU     90     0.00000
   FEXT     90     0.00000
   FULL     90    65.03007
   TSTEP    90     0.64463
   IO       90    14.85936
   INIT     90     1.31168
   FSDG     90     0.00000
   GIVE     91     1.27835
   TAKE     91     1.29039
   WAIT     91    14.27275
   FSOL     91    17.99765
   FFLU     91     0.00000
   PSOL     91    13.05352
   PFLU     91     0.00000
   FEXT     91     0.00000
   FULL     91    65.20409
   TSTEP    91     0.64165
   IO       91    15.03211
   INIT     91     1.31262
   FSDG     91     0.00000
   GIVE     92     0.84873
   TAKE     92     1.42871
   WAIT     92    14.09612
   FSOL     92     7.40940
   FFLU     92     0.00000
   PSOL     92    24.02573
   PFLU     92     0.00000
   FEXT     92     0.00000
   FULL     92    65.23851
   TSTEP    92     0.68863
   IO       92    15.07145
   INIT     92     1.31255
   FSDG     92     0.00000
   GIVE     93     0.78143
   TAKE     93     1.32246
   WAIT     93    15.22914
   FSOL     93    11.04460
   FFLU     93     0.00000
   PSOL     93    19.51827
   PFLU     93     0.00000
   FEXT     93     0.00000
   FULL     93    65.16113
   TSTEP    93     0.67623
   IO       93    14.99114
   INIT     93     1.31255
   FSDG     93     0.00000
   GIVE     94     1.42410
   TAKE     94     1.28440
   WAIT     94    11.60231
   FSOL     94    29.17104
   FFLU     94     0.00000
   PSOL     94     4.84578
   PFLU     94     0.00000
   FEXT     94     0.00000
   FULL     94    65.18235
   TSTEP    94     0.38544
   IO       94    15.00995
   INIT     94     1.31257
   FSDG     94     0.00000
   GIVE     95     1.61559
   TAKE     95     1.06482
   WAIT     95    15.03320
   FSOL     95    22.51529
   FFLU     95     0.00000
   PSOL     95     8.05859
   PFLU     95     0.00000
   FEXT     95     0.00000
   FULL     95    64.91644
   TSTEP    95     0.38492
   IO       95    14.74344
   INIT     95     1.31248
   FSDG     95     0.00000
   GIVE     96     1.15040
   TAKE     96     0.96933
   WAIT     96    14.62615
   FSOL     96    11.93811
   FFLU     96     0.00000
   PSOL     96    19.12829
   PFLU     96     0.00000
   FEXT     96     0.00000
   FULL     96    64.96046
   TSTEP    96     0.69891
   IO       96    14.79523
   INIT     96     1.31235
   FSDG     96     0.00000
   GIVE     97     1.00226
   TAKE     97     1.22829
   WAIT     97    16.65846
   FSOL     97     4.69998
   FFLU     97     0.00000
   PSOL     97    23.87698
   PFLU     97     0.00000
   FEXT     97     0.00000
   FULL     97    65.18234
   TSTEP    97     1.10059
   IO       97    15.01988
   INIT     97     1.31211
   FSDG     97     0.00000
   GIVE     98     1.29251
   TAKE     98     1.30803
   WAIT     98    13.15367
   FSOL     98    24.76547
   FFLU     98     0.00000
   PSOL     98     7.42047
   PFLU     98     0.00000
   FEXT     98     0.00000
   FULL     98    65.09005
   TSTEP    98     0.67434
   IO       98    14.92352
   INIT     98     1.31238
   FSDG     98     0.00000
   GIVE     99     0.79435
   TAKE     99     1.11267
   WAIT     99    17.00352
   FSOL     99    13.57327
   FFLU     99     0.00000
   PSOL     99    15.45947
   PFLU     99     0.00000
   FEXT     99     0.00000
   FULL     99    64.89609
   TSTEP    99     0.69008
   IO       99    14.72961
   INIT     99     1.31244
   FSDG     99     0.00000
   GIVE    100     0.84513
   TAKE    100     1.24673
   WAIT    100    16.16533
   FSOL    100     7.37666
   FFLU    100     0.00000
   PSOL    100    21.85272
   PFLU    100     0.00000
   FEXT    100     0.00000
   FULL    100    65.19446
   TSTEP   100     1.06947
   IO      100    15.03140
   INIT    100     1.31217
   FSDG    100     0.00000
   GIVE    101     0.73011
   TAKE    101     1.18316
   WAIT    101    15.37406
   FSOL    101     5.74869
   FFLU    101     0.00000
   PSOL    101    24.39061
   PFLU    101     0.00000
   FEXT    101     0.00000
   FULL    101    65.11040
   TSTEP   101     1.13092
   IO      101    14.94847
   INIT    101     1.31240
   FSDG    101     0.00000
   GIVE    102     1.23195
   TAKE    102     1.18558
   WAIT    102    15.04665
   FSOL    102    18.05570
   FFLU    102     0.00000
   PSOL    102    12.44512
   PFLU    102     0.00000
   FEXT    102     0.00000
   FULL    102    64.99499
   TSTEP   102     0.65233
   IO      102    14.82931
   INIT    102     1.31218
   FSDG    102     0.00000
   GIVE    103     0.86821
   TAKE    103     1.36648
   WAIT    103    15.89802
   FSOL    103     7.93276
   FFLU    103     0.00000
   PSOL    103    21.64232
   PFLU    103     0.00000
   FEXT    103     0.00000
   FULL    103    65.22091
   TSTEP   103     0.85803
   IO      103    15.05784
   INIT    103     1.31239
   FSDG    103     0.00000
   GIVE    104     0.87212
   TAKE    104     1.00434
   WAIT    104    16.69678
   FSOL    104     7.82982
   FFLU    104     0.00000
   PSOL    104    21.54693
   PFLU    104     0.00000
   FEXT    104     0.00000
   FULL    104    65.21931
   TSTEP   104     0.62549
   IO      104    15.05419
   INIT    104     1.31225
   FSDG    104     0.00000
   GIVE    105     1.89028
   TAKE    105     1.37229
   WAIT    105    14.40527
   FSOL    105    18.01978
   FFLU    105     0.00000
   PSOL    105    12.26040
   PFLU    105     0.00000
   FEXT    105     0.00000
   FULL    105    65.12900
   TSTEP   105     0.60333
   IO      105    14.96166
   INIT    105     1.31238
   FSDG    105     0.00000
   GIVE    106     1.73806
   TAKE    106     0.99517
   WAIT    106    11.24331
   FSOL    106    34.46770
   FFLU    106     0.00000
   PSOL    106     0.00000
   PFLU    106     0.00000
   FEXT    106     0.00000
   FULL    106    64.81505
   TSTEP   106     0.37234
   IO      106    14.64178
   INIT    106     1.31222
   FSDG    106     0.00000
   GIVE    107     1.58504
   TAKE    107     1.26072
   WAIT    107    13.45611
   FSOL    107    10.74809
   FFLU    107     0.00000
   PSOL    107    20.76396
   PFLU    107     0.00000
   FEXT    107     0.00000
   FULL    107    65.13844
   TSTEP   107     0.62776
   IO      107    14.97215
   INIT    107     1.31220
   FSDG    107     0.00000
   GIVE    108     0.98271
   TAKE    108     0.87603
   WAIT    108    15.28124
   FSOL    108    10.10276
   FFLU    108     0.00000
   PSOL    108    20.64887
   PFLU    108     0.00000
   FEXT    108     0.00000
   FULL    108    65.05712
   TSTEP   108     0.64963
   IO      108    14.89123
   INIT    108     1.31224
   FSDG    108     0.00000
   GIVE    109     1.78148
   TAKE    109     1.41683
   WAIT    109    12.82356
   FSOL    109    22.63413
   FFLU    109     0.00000
   PSOL    109     9.33511
   PFLU    109     0.00000
   FEXT    109     0.00000
   FULL    109    65.16307
   TSTEP   109     0.57481
   IO      109    14.99547
   INIT    109     1.31237
   FSDG    109     0.00000
   GIVE    110     0.78470
   TAKE    110     0.92816
   WAIT    110    18.45604
   FSOL    110     4.36638
   FFLU    110     0.00000
   PSOL    110    23.05819
   PFLU    110     0.00000
   FEXT    110     0.00000
   FULL    110    65.22564
   TSTEP   110     0.97237
   IO      110    15.06007
   INIT    110     1.31228
   FSDG    110     0.00000
   GIVE    111     0.85490
   TAKE    111     0.81218
   WAIT    111    18.28121
   FSOL    111     7.32999
   FFLU    111     0.00000
   PSOL    111    20.35184
   PFLU    111     0.00000
   FEXT    111     0.00000
   FULL    111    65.08545
   TSTEP   111     0.94225
   IO      111    14.91967
   INIT    111     1.31236
   FSDG    111     0.00000
   GIVE    112     1.56048
   TAKE    112     1.29967
   WAIT    112    10.91521
   FSOL    112    30.82911
   FFLU    112     0.00000
   PSOL    112     3.71434
   PFLU    112     0.00000
   FEXT    112     0.00000
   FULL    112    64.92020
   TSTEP   112     0.33679
   IO      112    14.74705
   INIT    112     1.31212
   FSDG    112     0.00000
   GIVE    113     1.02316
   TAKE    113     1.15117
   WAIT    113    18.37257
   FSOL    113     6.75074
   FFLU    113     0.00000
   PSOL    113    20.71940
   PFLU    113     0.00000
   FEXT    113     0.00000
   FULL    113    65.19505
   TSTEP   113     0.57398
   IO      113    15.02753
   INIT    113     1.31225
   FSDG    113     0.00000
   GIVE    114     0.94162
   TAKE    114     1.22121
   WAIT    114    15.84427
   FSOL    114     5.93597
   FFLU    114     0.00000
   PSOL    114    24.00289
   PFLU    114     0.00000
   FEXT    114     0.00000
   FULL    114    65.20494
   TSTEP   114     0.61285
   IO      114    15.03520
   INIT    114     1.31219
   FSDG    114     0.00000
   GIVE    115     0.94529
   TAKE    115     1.21811
   WAIT    115    17.45292
   FSOL    115     9.26961
   FFLU    115     0.00000
   PSOL    115    19.11247
   PFLU    115     0.00000
   FEXT    115     0.00000
   FULL    115    65.22754
   TSTEP   115     0.59942
   IO      115    15.05652
   INIT    115     1.31231
   FSDG    115     0.00000
   GIVE    116     0.87003
   TAKE    116     1.33543
   WAIT    116    16.89522
   FSOL    116     8.09025
   FFLU    116     0.00000
   PSOL    116    20.64074
   PFLU    116     0.00000
   FEXT    116     0.00000
   FULL    116    65.23968
   TSTEP   116     0.74158
   IO      116    15.07396
   INIT    116     1.31227
   FSDG    116     0.00000
   GIVE    117     0.71974
   TAKE    117     1.02506
   WAIT    117    17.81904
   FSOL    117     5.05733
   FFLU    117     0.00000
   PSOL    117    22.97035
   PFLU    117     0.00000
   FEXT    117     0.00000
   FULL    117    65.20974
   TSTEP   117     0.97713
   IO      117    15.04664
   INIT    117     1.31216
   FSDG    117     0.00000
   GIVE    118     1.63742
   TAKE    118     1.34216
   WAIT    118    12.51756
   FSOL    118    18.31355
   FFLU    118     0.00000
   PSOL    118    14.12414
   PFLU    118     0.00000
   FEXT    118     0.00000
   FULL    118    65.23998
   TSTEP   118     0.60322
   IO      118    15.07203
   INIT    118     1.31221
   FSDG    118     0.00000
   GIVE    119     0.83017
   TAKE    119     1.05244
   WAIT    119    16.88366
   FSOL    119     5.76308
   FFLU    119     0.00000
   PSOL    119    23.12167
   PFLU    119     0.00000
   FEXT    119     0.00000
   FULL    119    65.25964
   TSTEP   119     0.92657
   IO      119    15.09533
   INIT    119     1.31218
   FSDG    119     0.00000
   GIVE    120     1.38447
   TAKE    120     1.16913
   WAIT    120    12.81132
   FSOL    120    32.83599
   FFLU    120     0.00000
   PSOL    120     0.17468
   PFLU    120     0.00000
   FEXT    120     0.00000
   FULL    120    65.09978
   TSTEP   120     0.35824
   IO      120    14.92573
   INIT    120     1.31207
   FSDG    120     0.00000
   GIVE    121     1.43517
   TAKE    121     1.17032
   WAIT    121    16.28715
   FSOL    121    12.98862
   FFLU    121     0.00000
   PSOL    121    16.33896
   PFLU    121     0.00000
   FEXT    121     0.00000
   FULL    121    65.17982
   TSTEP   121     0.31181
   IO      121    15.00598
   INIT    121     1.31225
   FSDG    121     0.00000
   GIVE    122     0.97102
   TAKE    122     1.14911
   WAIT    122    15.55548
   FSOL    122    18.84501
   FFLU    122     0.00000
   PSOL    122    11.82073
   PFLU    122     0.00000
   FEXT    122     0.00000
   FULL    122    64.93713
   TSTEP   122     0.32543
   IO      122    14.76449
   INIT    122     1.31156
   FSDG    122     0.00000
   GIVE    123     0.75108
   TAKE    123     1.34287
   WAIT    123    16.74063
   FSOL    123     6.68066
   FFLU    123     0.00000
   PSOL    123    22.34810
   PFLU    123     0.00000
   FEXT    123     0.00000
   FULL    123    65.13833
   TSTEP   123     0.71815
   IO      123    14.97370
   INIT    123     1.31229
   FSDG    123     0.00000
   GIVE    124     0.98584
   TAKE    124     0.88115
   WAIT    124    17.11495
   FSOL    124     8.97270
   FFLU    124     0.00000
   PSOL    124    19.87501
   PFLU    124     0.00000
   FEXT    124     0.00000
   FULL    124    65.24529
   TSTEP   124     0.73690
   IO      124    15.07949
   INIT    124     1.31222
   FSDG    124     0.00000
   GIVE    125     0.95669
   TAKE    125     0.88951
   WAIT    125    17.85589
   FSOL    125     6.75136
   FFLU    125     0.00000
   PSOL    125    21.36191
   PFLU    125     0.00000
   FEXT    125     0.00000
   FULL    125    65.23791
   TSTEP   125     0.73803
   IO      125    15.07298
   INIT    125     1.31142
   FSDG    125     0.00000
   GIVE    126     1.02152
   TAKE    126     0.99943
   WAIT    126    16.54521
   FSOL    126    14.66405
   FFLU    126     0.00000
   PSOL    126    14.67076
   PFLU    126     0.00000
   FEXT    126     0.00000
   FULL    126    65.22620
   TSTEP   126     0.72488
   IO      126    15.05948
   INIT    126     1.31224
   FSDG    126     0.00000
   GIVE    127     1.01052
   TAKE    127     0.86487
   WAIT    127    17.06277
   FSOL    127     7.18204
   FFLU    127     0.00000
   PSOL    127    21.71784
   PFLU    127     0.00000
   FEXT    127     0.00000
   FULL    127    65.02075
   TSTEP   127     0.71374
   IO      127    14.85454
   INIT    127     1.31207
   FSDG    127     0.00000
